# ==============================================================
# ***                   WORDOM CORR MODULE                   ***
# ==============================================================
#
# Version   : 0.3b
# License   : GPL 3
# Copyright : Fanelli, Felline
#             University of Modena
#             Modena - Italy
#
# Res Num   : 16
# Frame Num : 2000
# PBC       : No
#
# Title     : corr1
# Type      : DCC
# Sele      : /*/*/CA
# Sele Res  : 16
# Level     : RES
# Mass      : No
#
# ==============================================================
#ProgNumA   ProgNumB            LabelA            LabelB    CORR
        1          1              A:S1              A:S1    1.00
        1          2              A:S1              A:R2    1.00
        1          3              A:S1              A:Y3    1.00
        1          4              A:S1              A:I4    0.99
        1          5              A:S1              A:P5    0.99
        1          6              A:S1              A:E6    0.99
        1          7              A:S1              A:G7    0.98
        1          8              A:S1              A:M8    0.98
        1          9              A:S1              A:Q9    0.98
        1         10              A:S1             A:C10    0.98
        1         11              A:S1             A:S11    0.99
        1         12              A:S1             A:C12    0.99
        1         13              A:S1             A:G13    0.99
        1         14              A:S1             A:I14    1.00
        1         15              A:S1             A:D15    1.00
        1         16              A:S1             A:Y16    1.00
        2          1              A:R2              A:S1    1.00
        2          2              A:R2              A:R2    1.00
        2          3              A:R2              A:Y3    1.00
        2          4              A:R2              A:I4    1.00
        2          5              A:R2              A:P5    0.99
        2          6              A:R2              A:E6    0.99
        2          7              A:R2              A:G7    0.99
        2          8              A:R2              A:M8    0.99
        2          9              A:R2              A:Q9    0.99
        2         10              A:R2             A:C10    0.99
        2         11              A:R2             A:S11    0.99
        2         12              A:R2             A:C12    0.99
        2         13              A:R2             A:G13    1.00
        2         14              A:R2             A:I14    1.00
        2         15              A:R2             A:D15    1.00
        2         16              A:R2             A:Y16    1.00
        3          1              A:Y3              A:S1    1.00
        3          2              A:Y3              A:R2    1.00
        3          3              A:Y3              A:Y3    1.00
        3          4              A:Y3              A:I4    1.00
        3          5              A:Y3              A:P5    1.00
        3          6              A:Y3              A:E6    1.00
        3          7              A:Y3              A:G7    0.99
        3          8              A:Y3              A:M8    0.99
        3          9              A:Y3              A:Q9    0.99
        3         10              A:Y3             A:C10    0.99
        3         11              A:Y3             A:S11    0.99
        3         12              A:Y3             A:C12    1.00
        3         13              A:Y3             A:G13    1.00
        3         14              A:Y3             A:I14    1.00
        3         15              A:Y3             A:D15    1.00
        3         16              A:Y3             A:Y16    0.99
        4          1              A:I4              A:S1    0.99
        4          2              A:I4              A:R2    1.00
        4          3              A:I4              A:Y3    1.00
        4          4              A:I4              A:I4    1.00
        4          5              A:I4              A:P5    1.00
        4          6              A:I4              A:E6    1.00
        4          7              A:I4              A:G7    1.00
        4          8              A:I4              A:M8    0.99
        4          9              A:I4              A:Q9    1.00
        4         10              A:I4             A:C10    0.99
        4         11              A:I4             A:S11    1.00
        4         12              A:I4             A:C12    1.00
        4         13              A:I4             A:G13    1.00
        4         14              A:I4             A:I14    1.00
        4         15              A:I4             A:D15    1.00
        4         16              A:I4             A:Y16    0.99
        5          1              A:P5              A:S1    0.99
        5          2              A:P5              A:R2    0.99
        5          3              A:P5              A:Y3    1.00
        5          4              A:P5              A:I4    1.00
        5          5              A:P5              A:P5    1.00
        5          6              A:P5              A:E6    1.00
        5          7              A:P5              A:G7    1.00
        5          8              A:P5              A:M8    1.00
        5          9              A:P5              A:Q9    1.00
        5         10              A:P5             A:C10    1.00
        5         11              A:P5             A:S11    1.00
        5         12              A:P5             A:C12    1.00
        5         13              A:P5             A:G13    1.00
        5         14              A:P5             A:I14    1.00
        5         15              A:P5             A:D15    0.99
        5         16              A:P5             A:Y16    0.99
        6          1              A:E6              A:S1    0.99
        6          2              A:E6              A:R2    0.99
        6          3              A:E6              A:Y3    1.00
        6          4              A:E6              A:I4    1.00
        6          5              A:E6              A:P5    1.00
        6          6              A:E6              A:E6    1.00
        6          7              A:E6              A:G7    1.00
        6          8              A:E6              A:M8    1.00
        6          9              A:E6              A:Q9    1.00
        6         10              A:E6             A:C10    1.00
        6         11              A:E6             A:S11    1.00
        6         12              A:E6             A:C12    1.00
        6         13              A:E6             A:G13    1.00
        6         14              A:E6             A:I14    1.00
        6         15              A:E6             A:D15    0.99
        6         16              A:E6             A:Y16    0.99
        7          1              A:G7              A:S1    0.98
        7          2              A:G7              A:R2    0.99
        7          3              A:G7              A:Y3    0.99
        7          4              A:G7              A:I4    1.00
        7          5              A:G7              A:P5    1.00
        7          6              A:G7              A:E6    1.00
        7          7              A:G7              A:G7    1.00
        7          8              A:G7              A:M8    1.00
        7          9              A:G7              A:Q9    1.00
        7         10              A:G7             A:C10    1.00
        7         11              A:G7             A:S11    1.00
        7         12              A:G7             A:C12    1.00
        7         13              A:G7             A:G13    1.00
        7         14              A:G7             A:I14    0.99
        7         15              A:G7             A:D15    0.99
        7         16              A:G7             A:Y16    0.99
        8          1              A:M8              A:S1    0.98
        8          2              A:M8              A:R2    0.99
        8          3              A:M8              A:Y3    0.99
        8          4              A:M8              A:I4    0.99
        8          5              A:M8              A:P5    1.00
        8          6              A:M8              A:E6    1.00
        8          7              A:M8              A:G7    1.00
        8          8              A:M8              A:M8    1.00
        8          9              A:M8              A:Q9    1.00
        8         10              A:M8             A:C10    1.00
        8         11              A:M8             A:S11    1.00
        8         12              A:M8             A:C12    1.00
        8         13              A:M8             A:G13    0.99
        8         14              A:M8             A:I14    0.99
        8         15              A:M8             A:D15    0.99
        8         16              A:M8             A:Y16    0.98
        9          1              A:Q9              A:S1    0.98
        9          2              A:Q9              A:R2    0.99
        9          3              A:Q9              A:Y3    0.99
        9          4              A:Q9              A:I4    1.00
        9          5              A:Q9              A:P5    1.00
        9          6              A:Q9              A:E6    1.00
        9          7              A:Q9              A:G7    1.00
        9          8              A:Q9              A:M8    1.00
        9          9              A:Q9              A:Q9    1.00
        9         10              A:Q9             A:C10    1.00
        9         11              A:Q9             A:S11    1.00
        9         12              A:Q9             A:C12    1.00
        9         13              A:Q9             A:G13    1.00
        9         14              A:Q9             A:I14    0.99
        9         15              A:Q9             A:D15    0.99
        9         16              A:Q9             A:Y16    0.99
       10          1             A:C10              A:S1    0.98
       10          2             A:C10              A:R2    0.99
       10          3             A:C10              A:Y3    0.99
       10          4             A:C10              A:I4    0.99
       10          5             A:C10              A:P5    1.00
       10          6             A:C10              A:E6    1.00
       10          7             A:C10              A:G7    1.00
       10          8             A:C10              A:M8    1.00
       10          9             A:C10              A:Q9    1.00
       10         10             A:C10             A:C10    1.00
       10         11             A:C10             A:S11    1.00
       10         12             A:C10             A:C12    1.00
       10         13             A:C10             A:G13    1.00
       10         14             A:C10             A:I14    0.99
       10         15             A:C10             A:D15    0.99
       10         16             A:C10             A:Y16    0.98
       11          1             A:S11              A:S1    0.99
       11          2             A:S11              A:R2    0.99
       11          3             A:S11              A:Y3    0.99
       11          4             A:S11              A:I4    1.00
       11          5             A:S11              A:P5    1.00
       11          6             A:S11              A:E6    1.00
       11          7             A:S11              A:G7    1.00
       11          8             A:S11              A:M8    1.00
       11          9             A:S11              A:Q9    1.00
       11         10             A:S11             A:C10    1.00
       11         11             A:S11             A:S11    1.00
       11         12             A:S11             A:C12    1.00
       11         13             A:S11             A:G13    1.00
       11         14             A:S11             A:I14    0.99
       11         15             A:S11             A:D15    0.99
       11         16             A:S11             A:Y16    0.99
       12          1             A:C12              A:S1    0.99
       12          2             A:C12              A:R2    0.99
       12          3             A:C12              A:Y3    1.00
       12          4             A:C12              A:I4    1.00
       12          5             A:C12              A:P5    1.00
       12          6             A:C12              A:E6    1.00
       12          7             A:C12              A:G7    1.00
       12          8             A:C12              A:M8    1.00
       12          9             A:C12              A:Q9    1.00
       12         10             A:C12             A:C10    1.00
       12         11             A:C12             A:S11    1.00
       12         12             A:C12             A:C12    1.00
       12         13             A:C12             A:G13    1.00
       12         14             A:C12             A:I14    1.00
       12         15             A:C12             A:D15    1.00
       12         16             A:C12             A:Y16    0.99
       13          1             A:G13              A:S1    0.99
       13          2             A:G13              A:R2    1.00
       13          3             A:G13              A:Y3    1.00
       13          4             A:G13              A:I4    1.00
       13          5             A:G13              A:P5    1.00
       13          6             A:G13              A:E6    1.00
       13          7             A:G13              A:G7    1.00
       13          8             A:G13              A:M8    0.99
       13          9             A:G13              A:Q9    1.00
       13         10             A:G13             A:C10    1.00
       13         11             A:G13             A:S11    1.00
       13         12             A:G13             A:C12    1.00
       13         13             A:G13             A:G13    1.00
       13         14             A:G13             A:I14    1.00
       13         15             A:G13             A:D15    1.00
       13         16             A:G13             A:Y16    0.99
       14          1             A:I14              A:S1    1.00
       14          2             A:I14              A:R2    1.00
       14          3             A:I14              A:Y3    1.00
       14          4             A:I14              A:I4    1.00
       14          5             A:I14              A:P5    1.00
       14          6             A:I14              A:E6    1.00
       14          7             A:I14              A:G7    0.99
       14          8             A:I14              A:M8    0.99
       14          9             A:I14              A:Q9    0.99
       14         10             A:I14             A:C10    0.99
       14         11             A:I14             A:S11    0.99
       14         12             A:I14             A:C12    1.00
       14         13             A:I14             A:G13    1.00
       14         14             A:I14             A:I14    1.00
       14         15             A:I14             A:D15    1.00
       14         16             A:I14             A:Y16    1.00
       15          1             A:D15              A:S1    1.00
       15          2             A:D15              A:R2    1.00
       15          3             A:D15              A:Y3    1.00
       15          4             A:D15              A:I4    1.00
       15          5             A:D15              A:P5    0.99
       15          6             A:D15              A:E6    0.99
       15          7             A:D15              A:G7    0.99
       15          8             A:D15              A:M8    0.99
       15          9             A:D15              A:Q9    0.99
       15         10             A:D15             A:C10    0.99
       15         11             A:D15             A:S11    0.99
       15         12             A:D15             A:C12    1.00
       15         13             A:D15             A:G13    1.00
       15         14             A:D15             A:I14    1.00
       15         15             A:D15             A:D15    1.00
       15         16             A:D15             A:Y16    1.00
       16          1             A:Y16              A:S1    1.00
       16          2             A:Y16              A:R2    1.00
       16          3             A:Y16              A:Y3    0.99
       16          4             A:Y16              A:I4    0.99
       16          5             A:Y16              A:P5    0.99
       16          6             A:Y16              A:E6    0.99
       16          7             A:Y16              A:G7    0.99
       16          8             A:Y16              A:M8    0.98
       16          9             A:Y16              A:Q9    0.99
       16         10             A:Y16             A:C10    0.98
       16         11             A:Y16             A:S11    0.99
       16         12             A:Y16             A:C12    0.99
       16         13             A:Y16             A:G13    0.99
       16         14             A:Y16             A:I14    1.00
       16         15             A:Y16             A:D15    1.00
       16         16             A:Y16             A:Y16    1.00
