# ==============================================================
# ***                   WORDOM CORR MODULE                   ***
# ==============================================================
#
# Version   : 0.3b
# License   : GPL 3
# Copyright : Fanelli, Felline
#             University of Modena
#             Modena - Italy
#
# Res Num   : 16
# Frame Num : 2000
# PBC       : No
#
# Title     : corr2
# Type      : LMI
# Sele      : /*/*/CA
# Sele Atm  : 16
# Level     : ATM
# Mass      : No
#
# ==============================================================
#ProgNumA   ProgNumB            LabelA            LabelB    CORR
        9          9           A:S1:CA           A:S1:CA    1.00
        9         20           A:S1:CA           A:R2:CA    1.00
        9         44           A:S1:CA           A:Y3:CA    0.99
        9         65           A:S1:CA           A:I4:CA    0.99
        9         86           A:S1:CA           A:P5:CA    0.98
        9         98           A:S1:CA           A:E6:CA    0.97
        9        113           A:S1:CA           A:G7:CA    0.96
        9        120           A:S1:CA           A:M8:CA    0.96
        9        137           A:S1:CA           A:Q9:CA    0.97
        9        154           A:S1:CA          A:C10:CA    0.97
        9        165           A:S1:CA          A:S11:CA    0.97
        9        176           A:S1:CA          A:C12:CA    0.98
        9        187           A:S1:CA          A:G13:CA    0.99
        9        194           A:S1:CA          A:I14:CA    0.99
        9        213           A:S1:CA          A:D15:CA    0.99
        9        225           A:S1:CA          A:Y16:CA    0.99
       20          9           A:R2:CA           A:S1:CA    1.00
       20         20           A:R2:CA           A:R2:CA    1.00
       20         44           A:R2:CA           A:Y3:CA    1.00
       20         65           A:R2:CA           A:I4:CA    0.99
       20         86           A:R2:CA           A:P5:CA    0.99
       20         98           A:R2:CA           A:E6:CA    0.98
       20        113           A:R2:CA           A:G7:CA    0.97
       20        120           A:R2:CA           A:M8:CA    0.97
       20        137           A:R2:CA           A:Q9:CA    0.98
       20        154           A:R2:CA          A:C10:CA    0.97
       20        165           A:R2:CA          A:S11:CA    0.97
       20        176           A:R2:CA          A:C12:CA    0.98
       20        187           A:R2:CA          A:G13:CA    0.99
       20        194           A:R2:CA          A:I14:CA    0.99
       20        213           A:R2:CA          A:D15:CA    0.99
       20        225           A:R2:CA          A:Y16:CA    0.99
       44          9           A:Y3:CA           A:S1:CA    0.99
       44         20           A:Y3:CA           A:R2:CA    1.00
       44         44           A:Y3:CA           A:Y3:CA    1.00
       44         65           A:Y3:CA           A:I4:CA    1.00
       44         86           A:Y3:CA           A:P5:CA    0.99
       44         98           A:Y3:CA           A:E6:CA    0.99
       44        113           A:Y3:CA           A:G7:CA    0.98
       44        120           A:Y3:CA           A:M8:CA    0.98
       44        137           A:Y3:CA           A:Q9:CA    0.99
       44        154           A:Y3:CA          A:C10:CA    0.98
       44        165           A:Y3:CA          A:S11:CA    0.98
       44        176           A:Y3:CA          A:C12:CA    0.99
       44        187           A:Y3:CA          A:G13:CA    0.99
       44        194           A:Y3:CA          A:I14:CA    1.00
       44        213           A:Y3:CA          A:D15:CA    0.99
       44        225           A:Y3:CA          A:Y16:CA    0.99
       65          9           A:I4:CA           A:S1:CA    0.99
       65         20           A:I4:CA           A:R2:CA    0.99
       65         44           A:I4:CA           A:Y3:CA    1.00
       65         65           A:I4:CA           A:I4:CA    1.00
       65         86           A:I4:CA           A:P5:CA    1.00
       65         98           A:I4:CA           A:E6:CA    0.99
       65        113           A:I4:CA           A:G7:CA    0.99
       65        120           A:I4:CA           A:M8:CA    0.98
       65        137           A:I4:CA           A:Q9:CA    0.99
       65        154           A:I4:CA          A:C10:CA    0.98
       65        165           A:I4:CA          A:S11:CA    0.98
       65        176           A:I4:CA          A:C12:CA    0.99
       65        187           A:I4:CA          A:G13:CA    0.99
       65        194           A:I4:CA          A:I14:CA    0.99
       65        213           A:I4:CA          A:D15:CA    0.99
       65        225           A:I4:CA          A:Y16:CA    0.99
       86          9           A:P5:CA           A:S1:CA    0.98
       86         20           A:P5:CA           A:R2:CA    0.99
       86         44           A:P5:CA           A:Y3:CA    0.99
       86         65           A:P5:CA           A:I4:CA    1.00
       86         86           A:P5:CA           A:P5:CA    1.00
       86         98           A:P5:CA           A:E6:CA    1.00
       86        113           A:P5:CA           A:G7:CA    0.99
       86        120           A:P5:CA           A:M8:CA    0.99
       86        137           A:P5:CA           A:Q9:CA    0.99
       86        154           A:P5:CA          A:C10:CA    0.98
       86        165           A:P5:CA          A:S11:CA    0.98
       86        176           A:P5:CA          A:C12:CA    0.99
       86        187           A:P5:CA          A:G13:CA    0.99
       86        194           A:P5:CA          A:I14:CA    0.99
       86        213           A:P5:CA          A:D15:CA    0.99
       86        225           A:P5:CA          A:Y16:CA    0.97
       98          9           A:E6:CA           A:S1:CA    0.97
       98         20           A:E6:CA           A:R2:CA    0.98
       98         44           A:E6:CA           A:Y3:CA    0.99
       98         65           A:E6:CA           A:I4:CA    0.99
       98         86           A:E6:CA           A:P5:CA    1.00
       98         98           A:E6:CA           A:E6:CA    1.00
       98        113           A:E6:CA           A:G7:CA    1.00
       98        120           A:E6:CA           A:M8:CA    0.99
       98        137           A:E6:CA           A:Q9:CA    0.99
       98        154           A:E6:CA          A:C10:CA    0.99
       98        165           A:E6:CA          A:S11:CA    0.99
       98        176           A:E6:CA          A:C12:CA    0.99
       98        187           A:E6:CA          A:G13:CA    0.99
       98        194           A:E6:CA          A:I14:CA    0.99
       98        213           A:E6:CA          A:D15:CA    0.98
       98        225           A:E6:CA          A:Y16:CA    0.97
      113          9           A:G7:CA           A:S1:CA    0.96
      113         20           A:G7:CA           A:R2:CA    0.97
      113         44           A:G7:CA           A:Y3:CA    0.98
      113         65           A:G7:CA           A:I4:CA    0.99
      113         86           A:G7:CA           A:P5:CA    0.99
      113         98           A:G7:CA           A:E6:CA    1.00
      113        113           A:G7:CA           A:G7:CA    1.00
      113        120           A:G7:CA           A:M8:CA    1.00
      113        137           A:G7:CA           A:Q9:CA    0.99
      113        154           A:G7:CA          A:C10:CA    0.99
      113        165           A:G7:CA          A:S11:CA    0.99
      113        176           A:G7:CA          A:C12:CA    0.98
      113        187           A:G7:CA          A:G13:CA    0.99
      113        194           A:G7:CA          A:I14:CA    0.98
      113        213           A:G7:CA          A:D15:CA    0.97
      113        225           A:G7:CA          A:Y16:CA    0.96
      120          9           A:M8:CA           A:S1:CA    0.96
      120         20           A:M8:CA           A:R2:CA    0.97
      120         44           A:M8:CA           A:Y3:CA    0.98
      120         65           A:M8:CA           A:I4:CA    0.98
      120         86           A:M8:CA           A:P5:CA    0.99
      120         98           A:M8:CA           A:E6:CA    0.99
      120        113           A:M8:CA           A:G7:CA    1.00
      120        120           A:M8:CA           A:M8:CA    1.00
      120        137           A:M8:CA           A:Q9:CA    1.00
      120        154           A:M8:CA          A:C10:CA    1.00
      120        165           A:M8:CA          A:S11:CA    0.99
      120        176           A:M8:CA          A:C12:CA    0.99
      120        187           A:M8:CA          A:G13:CA    0.99
      120        194           A:M8:CA          A:I14:CA    0.98
      120        213           A:M8:CA          A:D15:CA    0.97
      120        225           A:M8:CA          A:Y16:CA    0.96
      137          9           A:Q9:CA           A:S1:CA    0.97
      137         20           A:Q9:CA           A:R2:CA    0.98
      137         44           A:Q9:CA           A:Y3:CA    0.99
      137         65           A:Q9:CA           A:I4:CA    0.99
      137         86           A:Q9:CA           A:P5:CA    0.99
      137         98           A:Q9:CA           A:E6:CA    0.99
      137        113           A:Q9:CA           A:G7:CA    0.99
      137        120           A:Q9:CA           A:M8:CA    1.00
      137        137           A:Q9:CA           A:Q9:CA    1.00
      137        154           A:Q9:CA          A:C10:CA    1.00
      137        165           A:Q9:CA          A:S11:CA    1.00
      137        176           A:Q9:CA          A:C12:CA    0.99
      137        187           A:Q9:CA          A:G13:CA    1.00
      137        194           A:Q9:CA          A:I14:CA    0.99
      137        213           A:Q9:CA          A:D15:CA    0.98
      137        225           A:Q9:CA          A:Y16:CA    0.97
      154          9          A:C10:CA           A:S1:CA    0.97
      154         20          A:C10:CA           A:R2:CA    0.97
      154         44          A:C10:CA           A:Y3:CA    0.98
      154         65          A:C10:CA           A:I4:CA    0.98
      154         86          A:C10:CA           A:P5:CA    0.98
      154         98          A:C10:CA           A:E6:CA    0.99
      154        113          A:C10:CA           A:G7:CA    0.99
      154        120          A:C10:CA           A:M8:CA    1.00
      154        137          A:C10:CA           A:Q9:CA    1.00
      154        154          A:C10:CA          A:C10:CA    1.00
      154        165          A:C10:CA          A:S11:CA    1.00
      154        176          A:C10:CA          A:C12:CA    0.99
      154        187          A:C10:CA          A:G13:CA    0.99
      154        194          A:C10:CA          A:I14:CA    0.99
      154        213          A:C10:CA          A:D15:CA    0.98
      154        225          A:C10:CA          A:Y16:CA    0.97
      165          9          A:S11:CA           A:S1:CA    0.97
      165         20          A:S11:CA           A:R2:CA    0.97
      165         44          A:S11:CA           A:Y3:CA    0.98
      165         65          A:S11:CA           A:I4:CA    0.98
      165         86          A:S11:CA           A:P5:CA    0.98
      165         98          A:S11:CA           A:E6:CA    0.99
      165        113          A:S11:CA           A:G7:CA    0.99
      165        120          A:S11:CA           A:M8:CA    0.99
      165        137          A:S11:CA           A:Q9:CA    1.00
      165        154          A:S11:CA          A:C10:CA    1.00
      165        165          A:S11:CA          A:S11:CA    1.00
      165        176          A:S11:CA          A:C12:CA    1.00
      165        187          A:S11:CA          A:G13:CA    0.99
      165        194          A:S11:CA          A:I14:CA    0.99
      165        213          A:S11:CA          A:D15:CA    0.98
      165        225          A:S11:CA          A:Y16:CA    0.98
      176          9          A:C12:CA           A:S1:CA    0.98
      176         20          A:C12:CA           A:R2:CA    0.98
      176         44          A:C12:CA           A:Y3:CA    0.99
      176         65          A:C12:CA           A:I4:CA    0.99
      176         86          A:C12:CA           A:P5:CA    0.99
      176         98          A:C12:CA           A:E6:CA    0.99
      176        113          A:C12:CA           A:G7:CA    0.98
      176        120          A:C12:CA           A:M8:CA    0.99
      176        137          A:C12:CA           A:Q9:CA    0.99
      176        154          A:C12:CA          A:C10:CA    0.99
      176        165          A:C12:CA          A:S11:CA    1.00
      176        176          A:C12:CA          A:C12:CA    1.00
      176        187          A:C12:CA          A:G13:CA    1.00
      176        194          A:C12:CA          A:I14:CA    1.00
      176        213          A:C12:CA          A:D15:CA    0.99
      176        225          A:C12:CA          A:Y16:CA    0.99
      187          9          A:G13:CA           A:S1:CA    0.99
      187         20          A:G13:CA           A:R2:CA    0.99
      187         44          A:G13:CA           A:Y3:CA    0.99
      187         65          A:G13:CA           A:I4:CA    0.99
      187         86          A:G13:CA           A:P5:CA    0.99
      187         98          A:G13:CA           A:E6:CA    0.99
      187        113          A:G13:CA           A:G7:CA    0.99
      187        120          A:G13:CA           A:M8:CA    0.99
      187        137          A:G13:CA           A:Q9:CA    1.00
      187        154          A:G13:CA          A:C10:CA    0.99
      187        165          A:G13:CA          A:S11:CA    0.99
      187        176          A:G13:CA          A:C12:CA    1.00
      187        187          A:G13:CA          A:G13:CA    1.00
      187        194          A:G13:CA          A:I14:CA    1.00
      187        213          A:G13:CA          A:D15:CA    0.99
      187        225          A:G13:CA          A:Y16:CA    0.99
      194          9          A:I14:CA           A:S1:CA    0.99
      194         20          A:I14:CA           A:R2:CA    0.99
      194         44          A:I14:CA           A:Y3:CA    1.00
      194         65          A:I14:CA           A:I4:CA    0.99
      194         86          A:I14:CA           A:P5:CA    0.99
      194         98          A:I14:CA           A:E6:CA    0.99
      194        113          A:I14:CA           A:G7:CA    0.98
      194        120          A:I14:CA           A:M8:CA    0.98
      194        137          A:I14:CA           A:Q9:CA    0.99
      194        154          A:I14:CA          A:C10:CA    0.99
      194        165          A:I14:CA          A:S11:CA    0.99
      194        176          A:I14:CA          A:C12:CA    1.00
      194        187          A:I14:CA          A:G13:CA    1.00
      194        194          A:I14:CA          A:I14:CA    1.00
      194        213          A:I14:CA          A:D15:CA    1.00
      194        225          A:I14:CA          A:Y16:CA    0.99
      213          9          A:D15:CA           A:S1:CA    0.99
      213         20          A:D15:CA           A:R2:CA    0.99
      213         44          A:D15:CA           A:Y3:CA    0.99
      213         65          A:D15:CA           A:I4:CA    0.99
      213         86          A:D15:CA           A:P5:CA    0.99
      213         98          A:D15:CA           A:E6:CA    0.98
      213        113          A:D15:CA           A:G7:CA    0.97
      213        120          A:D15:CA           A:M8:CA    0.97
      213        137          A:D15:CA           A:Q9:CA    0.98
      213        154          A:D15:CA          A:C10:CA    0.98
      213        165          A:D15:CA          A:S11:CA    0.98
      213        176          A:D15:CA          A:C12:CA    0.99
      213        187          A:D15:CA          A:G13:CA    0.99
      213        194          A:D15:CA          A:I14:CA    1.00
      213        213          A:D15:CA          A:D15:CA    1.00
      213        225          A:D15:CA          A:Y16:CA    1.00
      225          9          A:Y16:CA           A:S1:CA    0.99
      225         20          A:Y16:CA           A:R2:CA    0.99
      225         44          A:Y16:CA           A:Y3:CA    0.99
      225         65          A:Y16:CA           A:I4:CA    0.99
      225         86          A:Y16:CA           A:P5:CA    0.97
      225         98          A:Y16:CA           A:E6:CA    0.97
      225        113          A:Y16:CA           A:G7:CA    0.96
      225        120          A:Y16:CA           A:M8:CA    0.96
      225        137          A:Y16:CA           A:Q9:CA    0.97
      225        154          A:Y16:CA          A:C10:CA    0.97
      225        165          A:Y16:CA          A:S11:CA    0.98
      225        176          A:Y16:CA          A:C12:CA    0.99
      225        187          A:Y16:CA          A:G13:CA    0.99
      225        194          A:Y16:CA          A:I14:CA    0.99
      225        213          A:Y16:CA          A:D15:CA    1.00
      225        225          A:Y16:CA          A:Y16:CA    1.00
