#   nFr      ssa1 
      1  XEEXLSSXXSSSSEEL 
      2  XXBXLXSXLSSLSBXL 
      3  XXBXLXSXLSSXSBXL 
      4  XEEXLXSXSSSXSEEL 
      5  XEEXLXSXSSSSXEEL 
      6  XEEXLXSXSSSXSEEL 
      7  XEEXLXSXSSSXSEEL 
      8  XXBXLXSXXSSXXBXL 
      9  XXBXLXSXSSSXSBXL 
     10  XEEXLXSXSSSXXEEL 
     11  XXBXLXSSSTTXXBXL 
     12  XEEXLXSXLSSXXEEL 
     13  XEEXLXSXSSSXSEEL 
     14  XXBXLXSXSTTXSBXL 
     15  XEEXLXSSSSSXXEEL 
     16  XXBXLXSXSSSXSBXL 
     17  XEEXLSSXSSSXXEEL 
     18  XXBXLXSXSSSXSBXL 
     19  XEEXLXSXSSSXXEEL 
     20  XEEXLXSXLSSXSEEL 
     21  XEEXLSSXSSSXSEEL 
     22  XXBXLXSXSSSXXBXL 
     23  XXBXLXSXSTTXSBXL 
     24  XEEXLXSXSSSXSEEL 
     25  XEEXLXSSSSSSSEEL 
     26  XXBXLSSSSSSXSBXL 
     27  XEEXLXSXSSSXSEEL 
     28  XEEXLXSXSTTXXEEL 
     29  XEEXLXSSSTTXSEEL 
     30  XEEXLXSXXSSXSEEL 
     31  XXBXLXSXSSSXSBXL 
     32  XEEXLXSXSSSXXEEL 
     33  XEEXLXSXSSSXSEEL 
     34  XEEXLSSXXSSXSEEL 
     35  XEEXLXSXSSSXSEEL 
     36  XXBXLSSXSSSXSBXL 
     37  XEEXLSSXLSSXXEEL 
     38  XXBXLXSXSSSXXBXL 
     39  XXBXLXSXSSSXSBXL 
     40  XXBXLXSXLSSXSBXL 
     41  XXBXLXSSSTTXSBXL 
     42  XEEXLXSXSSSXXEEL 
     43  XEEXLXSSSSSXXEEL 
     44  XEEXLXSXSSSXSEEL 
     45  XEEXLXSXSSSXXEEL 
     46  XEEXLXSXSTTXXEEL 
     47  XEEXXXSSLSSXSEEL 
     48  XXBXLXSXSTTXSBXL 
     49  XEEXLSSXSSSSSEEL 
     50  XXBXLXSXSSSXSBXL 
     51  XXBXLXSXSTTTSBXL 
     52  XXBXLXSXSSSXSBXL 
     53  XEEXLXSXLSSXSEEL 
     54  XEEXLXSXSTTXSEEL 
     55  XXBXLXSXSSSXSBXL 
     56  XEEXLXSXSSSSXEEL 
     57  XXBXLXSXSSSXSBXL 
     58  XEEXLXSXSSSXXEEL 
     59  XEEXLSSXXSSXXEEL 
     60  XEEXLXSXSSSXXEEL 
     61  XEEXLXSXSSSSXEEL 
     62  LEEXLXSXXSSLXEEL 
     63  XEEXLXSXSSSXXEEL 
     64  XEEXLXSXSSSXSEEL 
     65  XEEXLSSXXSSXXEEL 
     66  XEEXLXSXSSSXXEEL 
     67  XEEXLSSXSSSXXEEL 
     68  XEEXLXSXSSSXSEEL 
     69  XEEXLXSXSSSSXEEL 
     70  XEEXLXSXSSSXXEEL 
     71  XEEXLSSXLSSXXEEL 
     72  LEEXLXSXSSSXXEEL 
     73  XEEXLSSXSTTTSEEL 
     74  XEEXLXSXSSSLXEEL 
     75  XEEXLXSXSTTXSEEL 
     76  XEEXLXSXSTTXXEEL 
     77  XEEXLSSXSSSXXEEL 
     78  XXLXLXSXSSSXXXXL 
     79  XEEXLXSXSSSXSEEL 
     80  XEEXLXSSSTTSSEEL 
     81  XEEXLXSSSSSSXEEL 
     82  XEEXLXSSSSSXSEEL 
     83  XEEXLXSSSSSXXEEL 
     84  XEEXLXSSSSSXSEEL 
     85  XEEXLXSSSSSSXEEL 
     86  XEEXLXSXSSSXXEEL 
     87  XEEXLXSSSSSXXEEL 
     88  XEEXLXSSSSSXXEEL 
     89  XEEXLXSSSSSSXEEL 
     90  XEEXLXSSSSSSSEEL 
     91  XEEXLXSSSSSXXEEL 
     92  XEEXLSSSSSSSXEEL 
     93  XEEXLXSSSSSSXEEL 
     94  XEEXLXSSSSSSXEEL 
     95  XEEXLXSSSSSSXEEL 
     96  XEEXLXSSSSSSXEEL 
     97  XEEXLXSXSSSXXEEL 
     98  XEEXLXSXSSSLSEEL 
     99  XEEXLXSXSSSXSEEL 
    100  XEEXLSSXSSSXSEEL 
    101  XEEXLXSXSSSXXEEL 
    102  XEEXXXSXXTTXXEEL 
    103  XEEXLXSLLSSXSEEL 
    104  XEEXLXSXSSSXXEEL 
    105  XEEXLXSXSTTXSEEL 
    106  LEEXLXSXSSSXSEEL 
    107  XEEXXXSXSSSXXEEL 
    108  XEEXLXSXLSSSXEEL 
    109  XEEXLXSLSSSXXEEX 
    110  XEEXLXSXLSSXXEEL 
    111  XEEXLXSXSSSXSEEL 
    112  LEEXLXSXSSSXSEEL 
    113  XEEXLXSXXTTXSEEL 
    114  LEEXLXSXSSSXXEEL 
    115  XEEXLXSSSSSXSEEL 
    116  XEEXLXSXXSSXXEEL 
    117  XEEXLXSXLSSLSEEL 
    118  XEEXLXSXXTTXSEEL 
    119  XEEXLXSXLSSXSEEL 
    120  XEEXLXSXXTTXSEEL 
    121  XEEXLXSXXTTXXEEL 
    122  XEEXLXSXXTTXSEEL 
    123  XXBXLXSXSSSLSBXL 
    124  XEEXXXSXSSSXSEEL 
    125  XEEXLXSXSSSXSEEL 
    126  XEEXLXSXSSSXSEEL 
    127  XEEXLXSXSSSXSEEL 
    128  XEEXLXSXSSSXXEEL 
    129  XEEXLXSXSSSXSEEL 
    130  XEEXLXSXSSSXSEEL 
    131  XEEXLXSXSSSXSEEL 
    132  XXLXLXSXSSSSSSXL 
    133  XEEXLXSXSSSXSEEL 
    134  XEEXLXSXTTSSXEEL 
    135  XEEXLXSXLSSSSEEL 
    136  XEEXLXSXLSSXSEEL 
    137  XEEXLXSXLSSXSEEL 
    138  XEEXLXSXLSSXSEEL 
    139  XEEXLXSXSSSSSEEL 
    140  XEEXLXSSSSSXSEEL 
    141  XEEXLXSSSSSXSEEL 
    142  XEEXLXSXLSSXSEEL 
    143  XEEXLXSXSSSXXEEL 
    144  XEEXLXSXSSSSSEEL 
    145  XEEXLXSXSSSXXEEL 
    146  XXBXLXSXTTSSXBXL 
    147  LEEXLSSXLSSXSEEL 
    148  XEEXLXSXSSSXSEEL 
    149  XEEXLXSXXTTSXEEL 
    150  XEEXLXSXSSSXSEEL 
    151  XEEXLXSXSSSXXEEL 
    152  XEEXLXSXSSSSXEEL 
    153  XEEXLXSXLSSXSEEL 
    154  XEEXLXSXSSSXSEEL 
    155  XEEXLXSSSSSSSEEL 
    156  XEEXLXSXSSSXSEEL 
    157  XEEXLXSXSSSXSEEL 
    158  XEEXLXSXSSSXSEEL 
    159  XEEXLXSXSSSSSEEL 
    160  XEEXLXSXSSSXXEEL 
    161  XXLXLXSXLSSXSXXL 
    162  XEEXLXSXXTTXXEEL 
    163  XXBXLXSXSSSSXBXL 
    164  XEEXLXSXTTSLXEEL 
    165  XEEXLXSXLSSXXEEL 
    166  XEEXLXSXLSSXXEEL 
    167  XEEXLXSXLSSXSEEL 
    168  XEEXLXSXXTTXSEEL 
    169  XEEXLXSXLSSLXEEL 
    170  XEEXLXSXLSSLXEEL 
    171  XEEXLXSXXTTXXEEL 
    172  XEEXLXSXXTTXXEEL 
    173  XEEXLXSXSSSLXEEL 
    174  XEEXLXSXLSSXSEEL 
    175  XEEXLXSXLSSXXEEL 
    176  XEEXLXSXLSSXSEEL 
    177  XEEXLXSLLSSSXEEL 
    178  XEEXLXSSSSSXSEEL 
    179  XEEXLXSXSSSSXEEL 
    180  XEEXLXSXSSSXXEEL 
    181  XXBXLXSXSSSSSBXL 
    182  XEEXLXSSSSSXSEEL 
    183  XEEXLXSXXTTXXEEL 
    184  XEEXLXSSSSSXXEEL 
    185  LEEXLXSXTTSXXEEL 
    186  XEEXLXSXLSSSXEEL 
    187  XEEXLXSXSSSXXEEL 
    188  XEEXLXSXSTTSSEEL 
    189  XEEXLXSXSSSXSEEX 
    190  XEEXLXSXSSSXXEEL 
    191  XEEXLXSXSSSXXEEL 
    192  XEEXLSSXSSSXXEEL 
    193  XEEXLSSXGGGSXEEL 
    194  XEEXLXSXSSSXSEEL 
    195  XEEXLXSXSSSXXEEL 
    196  XEEXLXSXSSSSXEEL 
    197  XEEXLXSXSSSXXEEL 
    198  XEEXLXSXSSSXXEEL 
    199  XEEXLXSXSSSXXEEL 
    200  XEEXLXSXSSSXXEEL 
    201  XXBXLXSXSSSSXBXL 
    202  LXBXLXSXSSSXXBXL 
    203  LXBXLXSXSSSSSBXL 
    204  LXBXLXSXSSSXXBXL 
    205  LXBXLXSXSSSXXBXL 
    206  LEEXLXSXSSSXSEEL 
    207  LXBXLXSXSSSSSBXL 
    208  LXBXLXSSSSSSXBXL 
    209  LXBXLXSXSSSXSBXL 
    210  LXBXLXSXLSSSSBXL 
    211  LXBXLXSXSSSXXBXL 
    212  LXBXLXSXSSSXXBXL 
    213  LXBXLXSXSSSSSBXL 
    214  LXBXLXSXLSSXSBXL 
    215  LXBXLXSXLSSSXBXL 
    216  LXBXLXSXLSSXXBXL 
    217  LXBXLXSXLSSXSBXL 
    218  LXBXLXSXLSSXXBXL 
    219  XEEXXXSXLSSXXEEL 
    220  LEEXLXSXXTTXXEEL 
    221  LEEXLSSXXTTXXEEL 
    222  LXBXLXSXSSSSSBXL 
    223  LXBXLXSXSSSXSBXL 
    224  LEEXLXSXSSSSXEEL 
    225  LXBXLXSXSSSXSBXL 
    226  LXBXLXSXSSSXSBXL 
    227  LEEXLXSXSSSXSEEL 
    228  LXBXLXSXSSSSSBXL 
    229  LXBXLXSSSSSXSBXL 
    230  LXBXLXSXLSSSXBXL 
    231  LEEXLXSXSSSSSEEL 
    232  LEEXLXSXSSSSSEEL 
    233  LXBXLXSXSSSXSBXL 
    234  LXBXLXSXSSSSSBXL 
    235  LXBXLXSXSSSSXBXL 
    236  LXBXLXSXSSSXSBXL 
    237  LXBXLXSXSSSXSBXL 
    238  LXBXLXSXXSSXXBXL 
    239  LXBXLXSXSSSSSBXX 
    240  LBLXTTSXSSSSLSBL 
    241  LXLXSXLXSSSSLSXL 
    242  LXBXSXSXSSSXXBXL 
    243  LXBXSXSXSSSSXBXL 
    244  LXBXSXLXSSSXXBXL 
    245  LXBXSXLXSSSXXBXX 
    246  LXBXSXSXSSSXXBXL 
    247  LEEXSXLXSSSXSEEL 
    248  LXBXLXSXSSSSXBXL 
    249  LXBXTTSXSSSXXBXL 
    250  LXLXLXSSSSSSLSXL 
    251  LXLXLXSSSSSSLSXL 
    252  LXBXSXSSSSSSXBXL 
    253  LXBXSXSSSSSSXBXL 
    254  LXBXLXSSSTTTXBXL 
    255  LBLXLXSSSTTTXSBX 
    256  LXLXLXSSSSSSSSXL 
    257  LXBXSXLSSSSXXBXL 
    258  LXBXSXLXSSSXXBXL 
    259  LEEXSXSXSSSXXEEX 
    260  LEEXLXSSSSSSXEEL 
    261  LXLXLSSSSSSSLSXL 
    262  LXBXSXSSSSSSXBXL 
    263  LXBXSXSSSSSXXBXL 
    264  LXLXSXSXSSSSLSXL 
    265  LBLXLXSXSTTTSSBL 
    266  LXLXLXSXXTTTSSXL 
    267  LXLLLLSSGGGTXSXL 
    268  LXBXLXSXTTSSSBXL 
    269  LXBXTTXXSSSXXBXL 
    270  LBLXSXLXXSSXLSBL 
    271  LXLXSXSXLSSSLSXL 
    272  LXLXSXLXLSSSLSXL 
    273  LXLXSXLSSSSSLSXL 
    274  LXBXSXSSSSSXXBXL 
    275  LEEXSXSSSSSXXEEL 
    276  LXBXSXSXSSSXXBXL 
    277  LXBXSXLSSSSXXBXL 
    278  LXBXTTSSSSSSXBXL 
    279  LXBXSXSSSSSSXBXL 
    280  LBLXSXSXSTTTSSBL 
    281  LXBXSXSSSSSSXBXL 
    282  LXBXTTXXSSSXXBXL 
    283  LXBXSXSXSSSXXBXL 
    284  LXBXSXSXSSSXXBXL 
    285  LXBXSXLSSSSXXBXL 
    286  LXBXSXSSSSSSXBXL 
    287  LXBXSXLXSSSXXBXL 
    288  LXBXSXSSSSSSXBXL 
    289  LXLXSXLXSSSXLSXL 
    290  LBLXLXSXXTTTXSBL 
    291  LXLXLXSLXTTTXSXL 
    292  LXLXLXSXLSSXSSXL 
    293  LXLXLXSXLSSLSSXL 
    294  LXLXLXLXLSSXSSXX 
    295  LBLXLXSXSSSSLSBL 
    296  LXLXLXLXLSSSLSXL 
    297  LXLXLXSXSSSXLSXX 
    298  LBLXLXSXLSSXLSBL 
    299  LBLXLXLXSSSXLSBX 
    300  LXLXSXSXLSSSLSXL 
    301  LXLXLXSXLSSSLSXL 
    302  LXLXSXSXLSSSLSXL 
    303  LXLXSXLXSSSXSSXL 
    304  LXLXLXLXXSSLLSXL 
    305  LXLXSXLXSSSXSSXL 
    306  LXLXSXLXSSSXLSXX 
    307  LXLXLXLXSSSXLSXL 
    308  LXLXSXLXLSSXLSXL 
    309  LXBXSXSXLSSXXBXL 
    310  LXXXSXLXLSSXSSXL 
    311  LXLXLXSXSSSLSSXL 
    312  LXLXSXLXSSSXLSXL 
    313  LXLXSXLXLSSXSSXL 
    314  LXLXSXSXLSSSSSXL 
    315  LXLXSXLXSSSSLSXL 
    316  LBLXLXSXLSSXSSBL 
    317  LXLXLXSXSSSXSSXX 
    318  LBLXLXSXLSSXSSBX 
    319  LXLXLXSXSSSXSSXL 
    320  LXLXLXLXSSSXLSXL 
    321  LBXXXXSXSSSLSSBL 
    322  LXLXSXLXSSSXSSXL 
    323  LXLXSXLXSSSXSSXL 
    324  LXLXSXLXLSSSLSXL 
    325  LXLXLXSXLSSXLSXL 
    326  LXLXSXLXLSSXLSXL 
    327  LXLXSXLXLSSXSSXL 
    328  LXLXLXSXLSSXSSXL 
    329  LBLXSXLXSSSSSSBL 
    330  LXLXLXSLSSSLSSXL 
    331  LXLXLXLXSSSXLSXL 
    332  LXLXSXLXLSSXSSXL 
    333  LXLXSXSXSSSXSSXL 
    334  LXLXLXSXSSSSLSXL 
    335  LXLXLXLXLSSLSSXL 
    336  LBLXLXLXLSSXSSBL 
    337  LBLXSXLXLSSSSSBL 
    338  LXLXLXSXLSSLLSXL 
    339  LBLXLXSXSSSXSSBX 
    340  LBLXSXLXSSSXLSBL 
    341  LXLXSXLXSSSXLSXL 
    342  LXLXSXLXSSSXSSXL 
    343  LXLXSXSXLSSXLSXX 
    344  LBLXLXLXSSSXSSBL 
    345  LBLXSXLXSSSXLSBX 
    346  LXLXSXLXLSSXSSXL 
    347  LBLXLXLXLSSLSSBX 
    348  LXLXLXSXLSSSLSXL 
    349  LXLXSXSXSSSXLSXL 
    350  LEEXSXLXSSSXXEEL 
    351  LXLXSXSXLSSXLSXX 
    352  LXLXSXLXLSSXLSXL 
    353  LXLXSXSXSSSXLSXL 
    354  XEEXLXSXLSSXSEEL 
    355  LEEXLXSXSSSSXEEL 
    356  LXEELXSXLSSXEEXL 
    357  LXBXLXSXLSSSXBXL 
    358  LEEXLXSXLSSSXEEL 
    359  LXBXLXSXLSSXXBXL 
    360  LEEXSXSXSSSXSEEX 
    361  LXBXXXSXSSSXSBXL 
    362  LXBXLXSXSSSXSBXL 
    363  LXBXLXSSSSSXXBXL 
    364  LEEXLXSSSSSXXEEL 
    365  LXBXLXSXSSSXSBXL 
    366  LXBXLXSXSSSSSBXL 
    367  LEEXLXSSSSSXXEEL 
    368  LXBXLXSSSSSXSBXL 
    369  LXBXLXSXLSSXXBXL 
    370  LXBXLXSXLSSSXBXL 
    371  LEEXLXSXLSSSXEEL 
    372  LXBXLXSXLSSSXBXL 
    373  LXBXLXSXSTTXSBXL 
    374  LXBXLXSXSSSSXBXL 
    375  LEEXLXSXSSSSXEEL 
    376  LXBXLXSXLSSSSBXL 
    377  LXBXLXSXLSSSSBXL 
    378  LXBXLXSXSSSSSBXL 
    379  LXBXLXSXSSSXSBXL 
    380  LBLXLXSSSTTTSSBX 
    381  LEEXLXSSXTTTSEEL 
    382  LXBXLXSXLSSSXBXL 
    383  LXBXXXSXLSSXSBXL 
    384  LEEXLXSXLSSSSEEX 
    385  LEEXLXSXXTTXSEEL 
    386  LXBXLXSXSSSXXBXL 
    387  LEEXLXSXLSSSXEEL 
    388  LXBXLXSXXTTXXBXL 
    389  LXBXLXSXSSSXXBXL 
    390  LEEXLXSXSSSXXEEL 
    391  LXBXLXSXLSSLXBXL 
    392  LEEXLXSXTTSSXEEL 
    393  LXBXLXSXSSSXXBXL 
    394  LXBXLXSXLSSXSBXL 
    395  LXBXLXSXSSSXSBXL 
    396  LXBXLXSXSSSXSBXL 
    397  LEEXLXSXSSSXSEEL 
    398  LEEXLXSXXSSXSEEL 
    399  XEEXLXSXSSSXSEEL 
    400  LEEXLXSXSTTTSEEL 
    401  LXBXLXSXXSSXXBXL 
    402  LEEXLSSXSTTXSEEL 
    403  LXBXLXSSSSSSXBXL 
    404  LEEXLXSXXSSXSEEL 
    405  LBLXLXSXSSSXSSBX 
    406  LEEXLXSXSSSSXEEX 
    407  LXBXLXSSSSSSSBXL 
    408  LEEXLXSXSTTTSEEL 
    409  LEEXLXSXSSSSXEEL 
    410  LXBXLXSXLSSXSBXL 
    411  LEEXLXSXXSSXXEEL 
    412  LEEXLXSXSSSXSEEX 
    413  LEEXLXSSSTTTSEEL 
    414  LEEXLXSXXSSSXEEL 
    415  LEEXLSSXSSSSSEEL 
    416  LXLXLXSXSTTTSSXX 
    417  XXBXLXSXSSSXSBXL 
    418  XXBXLXSXSSSXSBXL 
    419  XEEXLXSSSTTXSEEL 
    420  XEEXLXSXSSSXXEEL 
    421  XEEXLXSXSSSXSEEL 
    422  XEEXLXSXSTTXXEEL 
    423  XEEXLXSXSSSXSEEL 
    424  LXBXLXSXSSSXSBXL 
    425  LEEXLXSXSTTXSEEL 
    426  LXBXLXSXSSSXSBXL 
    427  LEEXLXSXSSSXXEEL 
    428  XEEXLXSXXSSXSEEL 
    429  LXBXLSSXSTTXSBXL 
    430  LEEXLXSXSTTXSEEL 
    431  LEEXLXSSSSSXSEEL 
    432  LBLXLXSXSTTTSSBL 
    433  LXBXLXSXSSSXSBXL 
    434  LXBXLXSSSSSXSBXL 
    435  LXBXLXSXLSSXSBXL 
    436  LXBXLSSXSTTXSBXL 
    437  XEEXLXSXSSSXSEEL 
    438  LXBXLSSXSSSLXBXL 
    439  LEEXLXSXSSSXSEEL 
    440  LXBXLXSXSSSXSBXL 
    441  LXLXLXSSSTTTSSXL 
    442  LXLXLXSSSTTTXSXL 
    443  LXLXLXSXSTTTSSXL 
    444  LXBXLXSXSTTXSBXL 
    445  LXBXLXSXSSSLXBXL 
    446  XEEXLSSXSTTXSEEL 
    447  LEEXLXSXXSSXXEEL 
    448  LEEXLXSXSSSXXEEL 
    449  LEEXLXSXSSSXSEEL 
    450  LEEXLXSLSSSXSEEL 
    451  LEEXLXSXLSSXSEEL 
    452  LEEXLXSSSSSXSEEL 
    453  LEEXLSSXSSSXSEEL 
    454  LXBXLXSXSSSXSBXL 
    455  LXBXLXSXSSSXSBXL 
    456  LBLXLXSXSTTTSSBX 
    457  LXLXLXSXSTTTSSXX 
    458  LXBXLXSXSSSXSBXX 
    459  LXBXLXSXSSSXSBXL 
    460  LLLXLSSXXSSXSSLL 
    461  LXBXLXSXSSSXXBXL 
    462  LXBXLXSXSSSXSBXL 
    463  XEEXLXSXSSSXSEEL 
    464  XEEXLXSXSSSXXEEL 
    465  XEEXLXSSSSSXSEEL 
    466  XEEXLXSXLSSXSEEL 
    467  XEEXLXSXSSSXXEEL 
    468  XEEXLXSXSSSXSEEL 
    469  XEEXLXSXXSSXXEEL 
    470  XEEXLXSXSSSSXEEL 
    471  XEEXLXSXSSSXXEEL 
    472  XEEXLXSXSSSXSEEL 
    473  XEEXLXSXSSSXSEEL 
    474  XEEXLXSXSSSXSEEL 
    475  XEEXLXSXSSSXSEEL 
    476  XEEXLXSXSSSXSEEL 
    477  XEEXLSSXSSSXXEEL 
    478  XEEXLXSXSTTXSEEL 
    479  XEEXLXSSSSSXSEEL 
    480  XEEXLXSXXSSXXEEL 
    481  XEEXLXSXXSSXSEEL 
    482  XEEXLXSXSSSXSEEX 
    483  XEEXLXSXXSSXXEEL 
    484  XEEXLXSXSSSXSEEL 
    485  XEEXLXSXSSSXXEEL 
    486  XEEXLXSXSSSXSEEL 
    487  XEEXLSSXSXSXSEEL 
    488  XEEXLXSXSSSXSEEL 
    489  XEEXLXSXSTTXSEEL 
    490  XEEXLXSLXSSXSEEL 
    491  LXBXLSSXSSSXSBXL 
    492  XXBXLXSSSSSXSBXL 
    493  XEEXLXSXSSSSXEEL 
    494  XEEXLXSXXSSXXEEL 
    495  XEEXLXSXSSSXXEEL 
    496  LXBXLSSSSSSSXBXL 
    497  XEEXLXSXSSSXSEEL 
    498  XEEXLXSXSSSXXEEL 
    499  XEEXLXSXXSSXXEEL 
    500  XEEXLXSXSSSXSEEL 
    501  XEEXLXSXSSSSXEEL 
    502  XEEXLXSXSSSXSEEL 
    503  XEEXLXSXSSSXSEEL 
    504  XEEXLXSXSSSXSEEL 
    505  XEEXLXSXSSSXSEEL 
    506  XEEXLXSXSSSXSEEL 
    507  XEEXLXSXSSSLXEEL 
    508  XEEXLSSXXSSXSEEL 
    509  XEEXLXSXSSSSSEEL 
    510  XXBXLXSXSSSXSBXL 
    511  LXBXLXSXSSSXSBXL 
    512  XEEXLXSXLSSXSEEL 
    513  XEEXLXSXSSSXSEEL 
    514  XEEXLXSXSSSXSEEL 
    515  XXBXLXSXSSSXXBXL 
    516  LXBXLXSXXSSXSBXL 
    517  LEEXLXSXSSSXSEEL 
    518  LEEXLXSXSSSLSEEL 
    519  LLLXLXSXSSSXSSLL 
    520  LEEXLXSXXSSXXEEL 
    521  XEEXLXSXSSSSXEEL 
    522  LEEXLXSSSSSLXEEL 
    523  LEEXLXSXSSSXSEEL 
    524  LEEXLXSXSTTXSEEL 
    525  LEEXLXSSSSSXXEEL 
    526  LEEXLXSXSTTXSEEL 
    527  LEEXLXSXSSSXXEEL 
    528  LEEXLXSSSSSXXEEL 
    529  LEEXLXSXSTTXXEEL 
    530  LEEXLXSXSTTXXEEL 
    531  LEEXLXSXXSSXSEEL 
    532  LEEXLSSXXSSXSEEL 
    533  LEEXLSSSSTTSXEEX 
    534  LEEXLSSXSTTXSEEL 
    535  LEEXLSSXXSSXXEEL 
    536  LEEXLXSXSTTXSEEL 
    537  LEEXLXSXSSSXSEEX 
    538  LEEXLXSXSSSXSEEL 
    539  LEEXLXSXSSSXSEEL 
    540  LEEXLXSXLSSXSEEL 
    541  LEEXLXSXSSSXSEEL 
    542  LEEXLXSSSSSLSEEL 
    543  LEEXLXSXSSSXXEEL 
    544  LEEXLSSXSTTXXEEL 
    545  LEEXLXSXSSSXXEEL 
    546  LEEXLXSXXSSXSEEL 
    547  LEEXLXSXSSSXSEEL 
    548  LEEXLXSXLSSXSEEL 
    549  LEEXLXSXSSSXSEEL 
    550  LEEXLXSXSSSXSEEL 
    551  LEEXLXSXSSSXSEEL 
    552  LEEXLXSXSSSXXEEL 
    553  LEEXLXSXSSSXSEEL 
    554  LEEXLXSXSSSXXEEL 
    555  LEEXLSSSSSSSSEEL 
    556  LEEXLXSXSSSXXEEL 
    557  LEEXLXSXSSSXSEEX 
    558  LEEXLXSSSSSSXEEL 
    559  LEEXLXSXXSSXSEEL 
    560  LEEXLXSXSTTXSEEL 
    561  LEEXLXSXLSSXSEEL 
    562  LEEXLXSXSSSXSEEL 
    563  LEEXLXSXLSSXSEEL 
    564  LEEXLXSXSSSXXEEL 
    565  LEEXLXSXSSSSXEEL 
    566  LEEXLXSXSSSXSEEL 
    567  LEEXLXSXXSSXSEEL 
    568  LEEXLXSXSTTXXEEL 
    569  LEEXLXSXSTTXSEEL 
    570  LEEXLXSLSSSXSEEL 
    571  LEEXLXSXSSSXSEEL 
    572  LEEXLXSXLSSXSEEL 
    573  LEEXLXSXXSSXXEEX 
    574  LEEXLXSXSSSXSEEL 
    575  LEEXLXSXSSSXXEEL 
    576  LEEXLXSXSSSXXEEL 
    577  LEEXLXSXSSSXSEEL 
    578  LEEXLLSXLSSXSEEL 
    579  LEEXLXSSSSSXXEEL 
    580  LEEXLXSXSSSSXEEL 
    581  LEEXLXSXSSSXSEEL 
    582  LEEXLXSXLSSSXEEL 
    583  LEEXLSSXSSSSXEEL 
    584  LEEXLSSXSSSXXEEL 
    585  LEEXLXSXSSSXSEEX 
    586  LEEXLXSXSSSXSEEL 
    587  LEEXLXSXSSSXSEEL 
    588  LEEXLXSLSSSXSEEL 
    589  LEEXLXSXSSSXSEEL 
    590  LEEXLXSSSSSXSEEL 
    591  LEEXLXSSSTTXSEEL 
    592  LEEXLXSXSSSXSEEL 
    593  LEEXLXSXXSSXSEEL 
    594  LEEXLXSXSSSXXEEX 
    595  LEEXLXSXSSSLSEEL 
    596  LEEXLXSXSTTXSEEL 
    597  LEEXLXSXSTTXSEEX 
    598  LEEXLXSXSSSXSEEL 
    599  LEEXLXSXXTTXXEEL 
    600  LEEXLXSXSSSXXEEL 
    601  LEEXLSSXSSSXXEEL 
    602  LEEXLXSXSSSLSEEL 
    603  LEEXLSSXSSSXXEEL 
    604  LEEXLXSXSSSXSEEL 
    605  LEEXLXSSSSSXSEEL 
    606  LEEXLXSXXSSXSEEL 
    607  LEEXLXSXSSSXSEEL 
    608  LEEXLXSXSSSXSEEL 
    609  LEEXLXSSXSSXXEEL 
    610  LEEXLXSXSSSXXEEL 
    611  LEEXLXSXSSSXXEEL 
    612  LEEXLXSXXSSXXEEL 
    613  LEEXLXSXSSSSXEEL 
    614  LEEXLXSXSSSXSEEL 
    615  LEEXLSSXSSSXXEEX 
    616  LEEXLXSXLSSXSEEL 
    617  LEEXLXSXSSSXXEEL 
    618  LEEXLXSXLSSXSEEL 
    619  LEEXLXSXSSSXXEEX 
    620  LEEXLXSXSSSXSEEL 
    621  LEEXLXSSSLSXSEEX 
    622  LEEXLXSXSSSXSEEX 
    623  LEEXLXSXSSSXXEEL 
    624  LEEXLXSXSSSXSEEL 
    625  LEEXLSSXSSSXSEEL 
    626  LEEXLXSXSTTXXEEL 
    627  LEEXLXSXSSSXXEEL 
    628  LEEXLXSXSSSXSEEL 
    629  LXLXLXSSSSSXXSXX 
    630  LEEXLXSXLSSXSEEL 
    631  LEEXLXSXSSSXSEEL 
    632  LEEXLXSLSSSXSEEL 
    633  LEEXLXSXSSSXSEEL 
    634  LEEXLXSXSSSXSEEL 
    635  LEEXLXSXSSSXXEEL 
    636  LEEXLXSXSSSXSEEL 
    637  LEEXLSSXSSSXXEEL 
    638  LEEXLXSXSSSXXEEL 
    639  LEEXLXSXSSSXSEEL 
    640  LEEXLXSXSSSXXEEL 
    641  LEEXLXSXSSSXXEEL 
    642  LEEXLXSXSSSXSEEX 
    643  LEEXLXSSSSSXSEEL 
    644  LEEXLXSXSSSSXEEL 
    645  LEEXLXSXSSSXSEEL 
    646  LEEXLXSXSSSXXEEL 
    647  LEEXLXSXSSSSXEEL 
    648  LEEXLXSXSSSLSEEL 
    649  LEEXLXSXSSSXXEEL 
    650  LEEXLXSXSSSXSEEL 
    651  LEEXLXSXSSSXSEEL 
    652  LEEXLXSSSSSXSEEL 
    653  LEEXLXSXSSSXXEEL 
    654  LEEXLXSXXSSXSEEL 
    655  LEEXLSSXLSSXXEEL 
    656  LEEXLXSXSSSXSEEL 
    657  LEEXLXSXSSSXSEEL 
    658  LEEXLXSLLSSLSEEL 
    659  LEEXLXSSSSSXSEEL 
    660  LEEXLXSXSSSXSEEL 
    661  LEEXLXSXSSSXXEEL 
    662  LEEXLXSSSSSXXEEL 
    663  LEEXLXSSSSSLXEEL 
    664  LEEXLXSXSSSXSEEL 
    665  LEEXLXSXSSSXXEEL 
    666  LEEXLXSXSTTXSEEL 
    667  LEEXLXSXXSSXXEEL 
    668  LEEXLXSXXSSXSEEL 
    669  LEEXLXSXXSSXSEEL 
    670  LEEXLXSSSSSXXEEL 
    671  LEEXLXSSSSSXSEEL 
    672  LBLXLXSLXSSXSSBL 
    673  LEEXLXSXSSSSSEEL 
    674  LEEXLXSXXSSXXEEL 
    675  LEEXLXSXSSSXSEEL 
    676  LEEXLXSXSSSLSEEL 
    677  LEEXLXSXSSSXSEEL 
    678  LEEXLXSXSSSXSEEL 
    679  LEEXLXSXSSSXSEEL 
    680  LEEXLXSXSSSXSEEL 
    681  LEEXLXSXSSSSSEEX 
    682  LEEXLXSXSSSXSEEL 
    683  LEEXLXSXSSSXSEEL 
    684  LEEXLXSXSSSXSEEL 
    685  LEEXLXSXLSSXSEEX 
    686  LEEXLXSXSSSXXEEL 
    687  LEEXLXSXSSSXSEEL 
    688  LEEXLXSXSTTXSEEL 
    689  LEEXLXSXSSSXSEEL 
    690  LEEXLXSXXSSXSEEL 
    691  LEEXLXSXSSSXXEEL 
    692  LEEXLXSXSSSXSEEL 
    693  LEEXLXSSSSSSXEEL 
    694  LEEXLXSXSSSLSEEL 
    695  LEEXLXSXSSSSSEEX 
    696  LEEXLXSXSSSXSEEL 
    697  LEEXLXSXLSSXSEEL 
    698  LEEXLXSXSSSXSEEL 
    699  LEEXLXSXSSSXSEEL 
    700  LEEXLXSXSSSXSEEL 
    701  LXLXLXSXXSSXSSXL 
    702  LEEXLXSXXSSXSEEL 
    703  LEEXLXSXSSSLXEEL 
    704  LEEXLXSXSSSLSEEL 
    705  LEEXLXSSSSSXSEEL 
    706  LEEXLXSXSSSSXEEX 
    707  LEEXLSSXSTTSXEEL 
    708  LEEXLXSLSSSXXEEL 
    709  LEEXLXSXSSSXSEEL 
    710  LEEXLXSXXSSXXEEL 
    711  LEEXLXSXSSSSSEEL 
    712  LEEXLSSXSSSSXEEL 
    713  LEEXLXSXSSSXXEEL 
    714  LEEXLXSXSSSXSEEL 
    715  LEEXLXSXLSSLSEEL 
    716  LEEELXSSSSSXEEEL 
    717  LEEXLXSXSSSXXEEL 
    718  LEEXLXSXSSSXSEEL 
    719  LEEXLXSXLSSXSEEL 
    720  LEEXLXSXSSSXSEEL 
    721  LEEXLXSXSSSXSEEL 
    722  LEEXLXSXSSSXSEEL 
    723  LEEXLXSXSSSLXEEL 
    724  LEEXLXSXSSSXSEEL 
    725  LEEXLXSXSSSXSEEL 
    726  LEEXLXSXSSSXXEEL 
    727  LEEXLXSXSSSXXEEL 
    728  LEEXLXSXSSSXSEEL 
    729  LEEXLXSLLSSLSEEL 
    730  LEEXLXSXSSSSXEEL 
    731  LEEXLXSSSSSXSEEL 
    732  LEEXLXSXSSSSXEEL 
    733  LEEXLXSXSSSSSEEL 
    734  LEEXLXSSSSSXSEEL 
    735  LEEXLXSSSSSXSEEL 
    736  LEEXLXSXLSSXXEEL 
    737  LEEXLXSSSSSSSEEL 
    738  LEEXLXSSSSSSSEEX 
    739  LEEELXSXSSSXEEEL 
    740  LEEXLXSXSSSXSEEX 
    741  LEEXLXSSSSSXXEEX 
    742  LEEXLXSSSSSXXEEL 
    743  LEEXLSSXSTTXSEEL 
    744  LEEXLXSXSSSXXEEL 
    745  LEEXLXSXSSSSXEEL 
    746  LEEXLXSXSTTXSEEL 
    747  LEEXLXSXXSSXSEEX 
    748  LEEXLXSXSSSXXEEX 
    749  LEEXLXSXSSSXXEEL 
    750  LEEXLXSSXSSXSEEL 
    751  LEEXLXSXXSSXXEEL 
    752  LEEXLXSXSSSSXEEL 
    753  LEEXLXSXSSSXSEEL 
    754  LEEXLXSXSSSXXEEL 
    755  LEEXLXSXXSSXXEEL 
    756  LEEXLXSXSSSXSEEL 
    757  LEEXLXSXSSSXXEEL 
    758  LEEXLLSXSSSSXEEL 
    759  LEEXLXSXSSSSXEEL 
    760  LEEXLSSXLSSXSEEL 
    761  LEEXLXSSLSSXSEEL 
    762  LEEXLXSLLSSXSEEL 
    763  LEEXLXSSSSSSSEEL 
    764  LEEXLXSXLSSXSEEL 
    765  LEEXLXSXLSSXXEEL 
    766  LEEXLSSXLSSSSEEL 
    767  LEEXLXSXLSSXXEEL 
    768  LEEXLSSXLSSSSEEL 
    769  LEEXLXSXXTTXXEEL 
    770  LEEXLXSXTTSSXEEL 
    771  LEEXLXSXLSSSXEEL 
    772  LEEXLXSXLSSXSEEL 
    773  LEEXLSSXXTTSSEEL 
    774  LEEXLXSXSSSSSEEX 
    775  LEEXLXSXXTTXXEEL 
    776  LEEXLXSXSSSXXEEL 
    777  LEEXLXSXLSSSXEEL 
    778  LEEXLXSXSTTXXEEX 
    779  LEEXLXSXSSSXSEEL 
    780  LEEXLXSXLSSXXEEL 
    781  LEEXLXSXTTSLXEEL 
    782  LEEXLXSXXSSSSEEL 
    783  LEEXLXSXLSSSXEEX 
    784  LEEXLXSXLSSSXEEL 
    785  LEEXLXSXLSSXXEEL 
    786  LEEXLXSXXTTXSEEL 
    787  LEEXLXSXXTTSSEEL 
    788  LEEXLXSXLSSXXEEL 
    789  LEEXLXSSLSSXXEEL 
    790  LEEXLSSXLSSSXEEL 
    791  LEEXLXSXLSSXSEEL 
    792  LEEXLXSXLSSSSEEL 
    793  LEEXLSSXTTSSXEEL 
    794  LEEXLXSXLSSXXEEL 
    795  LEEXLSSXSSSSSEEL 
    796  LEEXLXSXSSSSSEEL 
    797  LEEXLXSXSSSSXEEL 
    798  LEEXLXSXLSSXXEEL 
    799  LEEXLXSXXTTXXEEL 
    800  LEEXLXSXLSSXXEEX 
    801  LEEXLXSXSSSXXEEX 
    802  LEEXLXSXSSSXXEEL 
    803  LEEXLXSXSSSSSEEL 
    804  LEEXLSSXLSSSSEEL 
    805  LEEXLXSXSSSSSEEL 
    806  LEEXLXSXXTTXXEEL 
    807  LEEXLXSXXTTXSEEL 
    808  LEEXLXSXLSSXSEEX 
    809  LEEXLXSXLSSSXEEX 
    810  LEEXLXSXLSSXXEEL 
    811  LEEXLXSXLSSXXEEL 
    812  LEEXLXSXSSSXXEEL 
    813  LEEXLXSXLSSXSEEL 
    814  LEEXLXSXLSSXSEEL 
    815  LEEXLXSXTTSSXEEL 
    816  LEEXLXSXSSSXSEEL 
    817  LEEXLXSXSSSXSEEL 
    818  LEEXLXSXLSSXXEEL 
    819  LEEXXXSXLSSSSEEL 
    820  LEEXLXSXSSSXXEEL 
    821  LEEXLXSXSSSXSEEL 
    822  LEEXLXSXSSSSSEEL 
    823  LEEXLXSXSSSSXEEX 
    824  LEEXLXSXSSSSXEEL 
    825  LEEXLSSXSSSSSEEX 
    826  LEEXLXSXSTTSXEEX 
    827  LEEXLXSXSSSXXEEL 
    828  LEEXLXSXSSSXSEEL 
    829  LEEXLXSXXTTXXEEX 
    830  LEEXLXSXSSSXSEEL 
    831  LEEXLXSXSSSSXEEL 
    832  LEEXLXSXLSSXXEEL 
    833  LEEXLXSXSSSLXEEL 
    834  LEEXLXSXSSSSSEEL 
    835  LEEXLXSXSSSXXEEL 
    836  LEEXLSSXSSSSSEEL 
    837  LEEXLXSXSSSXXEEL 
    838  LEEXLSSXSSSXSEEL 
    839  LEEXLXSSSSSXSEEX 
    840  LEEXLXSXLSSSSEEL 
    841  LEEXLXSXLSSSSEEL 
    842  LEEXLXSXSSSXSEEX 
    843  LEEXLXSSSSSXSEEL 
    844  LEEXLXSXSSSXSEEL 
    845  LEEXLXSXSSSXSEEL 
    846  LEEXLSSXSSSXSEEL 
    847  LEEXLXSXSSSSSEEL 
    848  LEEXLXSXSTTSXEEL 
    849  LEEXLXSXSSSXXEEX 
    850  LEEXLXSXSTTXXEEL 
    851  LEEXLXSXSSSSXEEX 
    852  LEEXLXSXLSSXXEEL 
    853  LEEXLXSXSSSXSEEX 
    854  LEEXLXSXSSSXSEEL 
    855  LEEXLXSXSSSSXEEL 
    856  LEEXLXSXSSSXXEEL 
    857  LEEXLXSXTTSXXEEL 
    858  LXBXLXSXSSSXXBXL 
    859  LEEXLXSXSTTXXEEL 
    860  LEEXLXSXSSSXSEEL 
    861  LEEXLXSXSSSSXEEL 
    862  LEEXLXSSSSSXXEEL 
    863  LXBXLXSSSSSXXBXL 
    864  LEEXLXSXLSSSSEEL 
    865  LEEXLXSXSSSSXEEL 
    866  LEEXLSSXLSSXXEEL 
    867  LEEXLXSXLSSXXEEL 
    868  LEEXLXSSSSSSXEEL 
    869  LEEXLXSXSSSSSEEL 
    870  LEEXLXSXLSSXXEEL 
    871  LEEXLXSXLSSSXEEL 
    872  LEEXLXSXLSSLXEEL 
    873  LEEXLXSXLSSSXEEL 
    874  LEEXLXSXSTTXSEEL 
    875  LEEXLXSXSSSXSEEL 
    876  LEEXLXSLSSSXSEEL 
    877  LEEXLXSXLSSXSEEL 
    878  LEEXLXSXSSSXSEEL 
    879  LEEXLXSXSSSSXEEL 
    880  LEEXLXSXLSSXSEEL 
    881  LEEXLXSXSSSXXEEL 
    882  LEEXLXSXSSSSSEEL 
    883  LEEXLSSXSSSXXEEL 
    884  LEEXLXSXLSSSXEEL 
    885  LEEXLXSXSSSXXEEL 
    886  LEEXLXSXLSSSSEEL 
    887  LEEXLXSXSSSXSEEL 
    888  LEEXLXSXSSSLXEEL 
    889  LEEXLXSXXTTXSEEX 
    890  LEEXLXSXLSSXXEEX 
    891  LEEXLXSXLSSXXEEL 
    892  LEEXLXSXLSSXXEEL 
    893  LEEXLXSXLSSXXEEX 
    894  LEEXLXSXLSSSXEEL 
    895  LEEXLXSXSSSXXEEL 
    896  LEEXLXSXLSSXXEEL 
    897  LEEXLXSXLSSXSEEL 
    898  LEEXLSSXLSSSSEEL 
    899  LEEXLXSXLSSXSEEL 
    900  LEEXLXSXLSSSSEEL 
    901  LEEXLXSXLSSXXEEL 
    902  LEEXLXSXLSSSXEEX 
    903  LEEXLXSXSSSSXEEL 
    904  LXLXLXSXSSSSSSXX 
    905  LEEXLXSXLSSXSEEL 
    906  LEEXLXSXLSSXSEEL 
    907  LEEXLXSXLSSSSEEL 
    908  LEEXLSSXSSSSSEEL 
    909  LEEXLXSXLSSXSEEX 
    910  LEEXLSSSSSSSSEEL 
    911  LEEELXSSSSSSEEEL 
    912  LEEXLXSSSSSXXEEL 
    913  LEEXSXSSSSSSXEEL 
    914  LEEXLXSSSSSSXEEL 
    915  LEEXLXSSSSSXXEEL 
    916  LEEXLXSSSSSSXEEL 
    917  LEEXLXSSSSSSXEEL 
    918  LEEXLXSSSSSSXEEL 
    919  LEEXLXSSSSSSXEEL 
    920  LEEELXSSSSSXEEEL 
    921  LBLXLXSSSSSLLLBL 
    922  LEEXLXSSSLSLXEEL 
    923  LEEXLXSSSSSSXEEL 
    924  LEEXLXSSSSSSXEEL 
    925  LEEXLXSSSSSSXEEL 
    926  LEEELXSSSSSSEEEL 
    927  LEEXLXSSSSSSXEEX 
    928  LEEXLXSSSSSSXEEL 
    929  LEEXLXSSSSSSXEEL 
    930  LEEXLXSSSSSSXEEL 
    931  LEEXLXSSSLSSXEEL 
    932  LXBXLXSSSSSSXBXL 
    933  LEEELXSSSSSSEEEL 
    934  LEEXLXSSSSSSXEEX 
    935  LEEXLXSSSSSSSEEL 
    936  LEEXLXSSSSSSXEEL 
    937  LEEXLXSSSSSSXEEL 
    938  LEEXLXSSSSSSXEEL 
    939  LEEXLXSSSSSSXEEL 
    940  LEEXLXSSSSSSXEEL 
    941  LEEXLXSSSSSSXEEL 
    942  LEEXLXSSSSSSXEEL 
    943  LEEEXXSSSSSSEEEL 
    944  LEEXLXSSSSSSXEEL 
    945  LEEXLXSSSSSSXEEL 
    946  LEEELLSSSSSSEEEL 
    947  LEEXLXSSSSSSXEEL 
    948  LEEXLXSSSSSSXEEL 
    949  LEEXLXSSSSSSXEEL 
    950  LEEXLXSSSSSSXEEL 
    951  LEEXLXSSSSSSXEEL 
    952  LEEXLXSSSSSSXEEL 
    953  LEEXLXSSSSSSXEEL 
    954  LEEXSXSSSSSSXEEL 
    955  LEEXSSSSSSSSXEEL 
    956  LEEXLXSSSSSSXEEL 
    957  LEEXLXSSSSSSXEEL 
    958  LEEXLXSSSSSLXEEL 
    959  LEEXLXSSSSSXXEEL 
    960  LEEXLXSSSSSSXEEL 
    961  LEEXLXSSSSSSXEEL 
    962  LEEXLXSSSSSSXEEL 
    963  LEEXLXSSSSSSXEEL 
    964  LEEXLXSSSSSSXEEL 
    965  LEEXLXSSSSSSXEEL 
    966  LEEXLXSSSSSSXEEL 
    967  LEEXLXSSSSSSXEEL 
    968  LEEXLXSSSSSSXEEL 
    969  LEEXLXSSSSSSXEEL 
    970  LEEXLXSSSSSSXEEL 
    971  LEEXLXSSSSSSXEEL 
    972  LEEXLXSSSSSSXEEL 
    973  LEEXLXSSSSSSXEEL 
    974  LEEXLXSSSSSSXEEL 
    975  LEEXLXSSSSSSXEEL 
    976  LEEXLXSSSSSSXEEL 
    977  LEEXLXSSSSSSXEEL 
    978  LEEXLXSSSSSSXEEL 
    979  LEEXLXSSSSSSXEEL 
    980  LEEXLXSSSSSSXEEX 
    981  LBLXLXSSSSSSLLBL 
    982  LEEXLXSSSSSSXEEL 
    983  LEEXLXSSSSSSXEEL 
    984  LEEXLXSSSSSSXEEL 
    985  LEEXLXSSSSSSXEEL 
    986  LBLXLXSSLSSSXLBL 
    987  LEEXLXSSSSSSXEEL 
    988  LEEXLXSSSSSSXEEL 
    989  LEEXLXSSSSSSXEEL 
    990  LEEXLXSSSSSSXEEL 
    991  LEEXLXSSSSSSXEEL 
    992  LEEXLXSSSSSSXEEL 
    993  LEEXLXSSSSSSXEEL 
    994  LEEXSXSSSSSSXEEL 
    995  LEEXLXSSSSSSXEEL 
    996  LEEXLXSSSSSSXEEL 
    997  LEEXLXSSSSSSXEEL 
    998  LEEXLXSSSSSSXEEL 
    999  LEEXLXSSSSSSXEEL 
   1000  LEEXLXSSSLSSXEEL 
   1001  LEEXLXSSSLSSXEEL 
   1002  LEEXLXSSLLSSXEEL 
   1003  LEEXLXSSSSSSXEEL 
   1004  LEEXLXSSSSSSXEEL 
   1005  LEEXLXSSLLSSXEEL 
   1006  LEEXLXSSLLSSXEEL 
   1007  LEEXLXSSSSSSXEEL 
   1008  LEEXLXSSSLSSXEEL 
   1009  LXBXSXSSSSSSXBXL 
   1010  LXBXSXSSLSSSXBXL 
   1011  LEEXSXSSLSSSXEEL 
   1012  LEEXLXSSSSSSXEEL 
   1013  LEEXSXSSLSSSXEEL 
   1014  LEEXSXSSSSSSXEEL 
   1015  LEEXTTSSLSSSSEEL 
   1016  LEEXLXSSSSSSXEEL 
   1017  LEEXLXSSSSSSXEEL 
   1018  LEEXLXSSLSSSXEEL 
   1019  LEEXLXSSLSSSSEEL 
   1020  LEEXLXSSLSSSSEEL 
   1021  LEEXLXSSLSSXSEEL 
   1022  LEEXLXSSLSSSXEEX 
   1023  LEEXLXSSLSSSXEEL 
   1024  LEEXLXSSSSSSXEEX 
   1025  LEEXSXSSLSSSXEEL 
   1026  LEEXLXSSLSSXXEEL 
   1027  LEEXLXSSLLSSXEEX 
   1028  LEEXLXSSLSSSXEEL 
   1029  LEEXLXSSSSSSXEEL 
   1030  LEEXLXSSSSSSXEEL 
   1031  LEEXSXSSLSSSXEEL 
   1032  LEEXLXSSLSSSXEEL 
   1033  LEEXSXSSLSSSXEEL 
   1034  LEEXLXSSSSSSXEEL 
   1035  LEEXLXSSLSSSXEEL 
   1036  LEEXSXSSSSSSXEEL 
   1037  LEEXLXSSSSSSXEEL 
   1038  LEEXLXSSLSSSXEEL 
   1039  LEEXSXSSSSSSXEEL 
   1040  LEEXSXSSSSSSXEEL 
   1041  LEEXSXSSLSSSXEEL 
   1042  LEEXSLSSSSSSXEEX 
   1043  LEEXLXSSSSSSXEEL 
   1044  LEEXLXSSSSSSXEEX 
   1045  LEEXSXSSLSSSXEEL 
   1046  LEEXLXSSSSSSXEEL 
   1047  LEEXSXSSSSSSXEEX 
   1048  LEEXSXSSLSSSXEEL 
   1049  LEEXLXSSSSSSXEEL 
   1050  LEEXLXSSSSSXXEEL 
   1051  LEEXLXSSLSSSXEEL 
   1052  LEEXTTSSSSSSXEEX 
   1053  LEEXLXSSLSSSXEEL 
   1054  LBLXSXSSLLSSLXBX 
   1055  LEEXLXSSSSSSXEEL 
   1056  LEEXLXSSLSSSXEEL 
   1057  LEEXLXSSLSSSSEEL 
   1058  LEEXLXSSSSSSXEEL 
   1059  LEEXLXSSSSSSXEEL 
   1060  LEEXLXSSSSSSXEEL 
   1061  LEEXLXSSSSSSXEEL 
   1062  LBLXLXSSSSSSXXBL 
   1063  LEEXLXSSSSSSXEEL 
   1064  LEEXLXSSSSSSXEEL 
   1065  LEEXLXSSSSSSXEEL 
   1066  LEEXLXSSSSSSXEEL 
   1067  LEEXSXSSSSSSXEEL 
   1068  LEEXLXSSSSSSXEEX 
   1069  LEEXSXSSSSSSXEEL 
   1070  LEEXLXSSLSSXXEEL 
   1071  LEEXLXSSSSSSXEEL 
   1072  LEEXLXSSSSSSXEEL 
   1073  LEEXLXSSSSSSXEEL 
   1074  LEEXLXSSSSSSXEEX 
   1075  LEEXLXSSSSSSXEEL 
   1076  LEEXLXSSSSSSXEEL 
   1077  LEEXSXSSSSSSXEEL 
   1078  LEEXSXSSSSSSXEEL 
   1079  LEEXLXSSLSSSXEEL 
   1080  LEEXLXSSSSSSXEEL 
   1081  LEEXLXSSSSSSXEEL 
   1082  LEEXSXSSSSSSXEEL 
   1083  LEEXLXSSSSSSXEEL 
   1084  LEEXLXSSSSSSXEEL 
   1085  LEEXSXSSLSSSXEEL 
   1086  LEEXLXSSLSSSXEEL 
   1087  LEEXLXSSLSSSXEEL 
   1088  LEEXSXSSSSSSXEEL 
   1089  LEEXLXSSLSSSXEEL 
   1090  LEEXLXSSSSSSXEEL 
   1091  LEEXSXSSSSSSXEEL 
   1092  LEEXLXSSSSSSXEEL 
   1093  LEEXLXSSLSSSXEEL 
   1094  LEEXSXSSLSSSXEEL 
   1095  LBLXLXSSLSSSLLBL 
   1096  LEEXSXSSLSSSXEEL 
   1097  LEEXSXSSSSSSXEEL 
   1098  LEEXLXSSLSSSXEEL 
   1099  LEEXLXSSSSSSXEEL 
   1100  LEEXLXSSLSSSXEEL 
   1101  LEEXSXSSLSSSXEEL 
   1102  LEEXTTSSSSSSXEEL 
   1103  LEEXSXSSSSSSXEEL 
   1104  LEEXLXSSSSSSXEEL 
   1105  LEEXLXSSLSSSXEEL 
   1106  LEEXLXSSSSSSXEEL 
   1107  LEEXLXSSLSSSXEEL 
   1108  LEEXLXSSSSSSXEEL 
   1109  LEEXLXSSLSSSXEEL 
   1110  LEEXSXSSLSSSXEEL 
   1111  LEEXSXSSLSSSXEEL 
   1112  LEEXLXSSLSSSXEEL 
   1113  LEEXLXSSSSSSXEEL 
   1114  LEEXSXSSLSSSXEEL 
   1115  LBLLLLSSSSSSLLBL 
   1116  LEEXLXSSLSSSXEEL 
   1117  LEEXSXSSLSSSXEEL 
   1118  LEEXSXSSLSSSXEEL 
   1119  LEEXLXSSSSSSXEEL 
   1120  LEEXLXSSSSSSXEEL 
   1121  LEEXLXSSSSSSXEEL 
   1122  LEEXSLSSSSSSXEEL 
   1123  LEEXLXSSSSSSXEEL 
   1124  LEEXLXSSSSSSXEEL 
   1125  LEEXSXSSSSSSXEEL 
   1126  LEEXLXSSSSSSXEEL 
   1127  LEEXLXSSLSSSXEEL 
   1128  LEEXLXSSSSSSXEEL 
   1129  LEEXLXSSLSSSXEEL 
   1130  LEEXLXSSSSSSXEEL 
   1131  LEEXLXSSSSSSXEEL 
   1132  LEEXLXSSSSSSXEEL 
   1133  LEEXLXSSLLSSXEEL 
   1134  LEEXLXSSSSSSXEEX 
   1135  LEEXLXSSLSSSXEEX 
   1136  LEEXLXSSSSSSXEEL 
   1137  LEEXLXSSLSSSXEEX 
   1138  LEEXLXSSLSSSXEEL 
   1139  LEEXSXSSLSSSXEEL 
   1140  LEEXLXSSLLSSXEEL 
   1141  LEEXLXSSLSSSXEEL 
   1142  LEEXSXSSSSSSXEEL 
   1143  LEEXLXSSLSSSXEEL 
   1144  LEEXLXSSSSSSXEEX 
   1145  LEEXSSSSSSSSXEEX 
   1146  LEEXLXSSSSSSXEEX 
   1147  LEEXLXSSSSSSXEEL 
   1148  LEEXLXSSSSSSXEEL 
   1149  LEEXLXSSSSSSXEEL 
   1150  LEEXLXSSSSSSXEEL 
   1151  LXBXLXSSSSSSXBXL 
   1152  LEEXLXSSSSSSXEEL 
   1153  LEEXLXSSSSSSXEEL 
   1154  LEEXLXSSSSSSXEEX 
   1155  LEEXLXSSSLSSXEEL 
   1156  LXBXLXSSSSSSXBXL 
   1157  LEEXTTSSSSSSXEEL 
   1158  LEEXLXSSSSSSXEEL 
   1159  LEEXLXSSSSSSXEEL 
   1160  LEEXLXSSSSSSXEEX 
   1161  LEEXLXSSSSSSXEEL 
   1162  LEEXLXSSSSSSXEEL 
   1163  LEEXSXSSSSSSXEEL 
   1164  LBLXLXSSLLSSSSBL 
   1165  LEEXLXSSSLSSXEEL 
   1166  LEEXLXSSSSSSXEEL 
   1167  LEEXLXSSLLSSXEEL 
   1168  LEEXLXSSSLSSXEEL 
   1169  LEEXLXSSSSSSXEEL 
   1170  LEEXLXSSLLSSXEEX 
   1171  LEEXLXSSSLSXSEEL 
   1172  LEEXLXSSSLSXSEEL 
   1173  LEEXLXSSSLSXSEEL 
   1174  LEEXLXSSSSSSXEEL 
   1175  LEEXLXSSSLSXSEEL 
   1176  LEEXLXSSSSSXSEEL 
   1177  LEEXLXSSSLSSSEEL 
   1178  LEEXLXSSSSSSSEEL 
   1179  LEEXLXSSLLSXSEEL 
   1180  LEEXLXSSSSSSSEEL 
   1181  LEEXLXSSLLSXXEEL 
   1182  LEEXLXSSSSSSXEEL 
   1183  LEEXLXSSLLSXSEEL 
   1184  LEEXLXSSSSSSXEEL 
   1185  LEEXLXSSSSSSXEEL 
   1186  LEEXLXSSSLSXSEEL 
   1187  LEEXLXSSSLSSSEEL 
   1188  LEEXLXSSSLSXSEEL 
   1189  LEEXLXSSSSSSXEEL 
   1190  LEEXLXSSSSSSSEEL 
   1191  LEEXLXSSSLSXXEEL 
   1192  LEEXLXSSSLSSSEEL 
   1193  LEEXLXSSSLSSSEEL 
   1194  LEEXLXSSSLSSSEEL 
   1195  LEEXLXSSSLSXSEEL 
   1196  LEEXLXSSSLSSSEEL 
   1197  LEEXLXSSSLSSSEEL 
   1198  LEEXLXSSSLSSXEEL 
   1199  LEEXLXSSSSSSSEEL 
   1200  LEEXLXSSSLSSSEEL 
   1201  LEEXLXSSSLSSSEEL 
   1202  LXBXLXSSSSSSSBXL 
   1203  LXBXLXSSSSSSXBXX 
   1204  LXBXLXSSSSSXXBXX 
   1205  LXBXLXSSSSSXXBXL 
   1206  XXBXLXSSLSSSSBXL 
   1207  LEEXLXSSSSSSXEEX 
   1208  LXBXLXSSSLSXXBXL 
   1209  LEEXLXSSSLSXSEEX 
   1210  LXBXLXSSLLSSXBXL 
   1211  LXBXLXSSSLSSXBXX 
   1212  LXBXLXSSSSSSSBXL 
   1213  LXBXLXSSSLSXSBXL 
   1214  LXBXLXSSSLSSXBXL 
   1215  LXBXLXSSSSSSXBXL 
   1216  LXBXLXSSSSSSXBXL 
   1217  LXBXLXSSSSSSXBXL 
   1218  LXBXLXSSSLSSXBXL 
   1219  LXBXLXSSSLSSXBXL 
   1220  LXBXLXSSSLSSSBXL 
   1221  LXBXLXSSSLSSXBXL 
   1222  LXLXLXSSSLSSXSLL 
   1223  LXBXLXSSSSSSXBXL 
   1224  LLLXLXSSSLSXXSLL 
   1225  LXBXLXSSSSSSXBXL 
   1226  LXBXLXSSSSSXSBXL 
   1227  LXBXLXSSSLSSXBXL 
   1228  LXBXLXSSSLSSXBXL 
   1229  LXBXLXSSSSSSXBXL 
   1230  LXBXLXSSSLSSXBXL 
   1231  LXBXLXSSSSSSXBXL 
   1232  LXBXLXSSSSSSXBXL 
   1233  LXBXLXSSSSSSXBXL 
   1234  LXBXLXSSSLSSXBXL 
   1235  LXBXLXSSSSSSXBXL 
   1236  LXBXLXSSSSSSSBXL 
   1237  LXBXLXSSSSSSXBXL 
   1238  LXBXLXSSSSSSSBXL 
   1239  LXBXLXSSSLSSXBXL 
   1240  LXBXLXSSLLSXSBXL 
   1241  LXBXLXSSLSSXSBXL 
   1242  LXBXSXSSLLSSXBXL 
   1243  LXBXLXSSSLSSXBXL 
   1244  LXBXLXSSSSSXSBXL 
   1245  LXBXLXSSSSSSXBXL 
   1246  LXBXLXSSSSSSSBXL 
   1247  LXBXLXSSSSSSSBXL 
   1248  LXBXLXSSSSSSXBXL 
   1249  LXBXLXSSSSSXSBXL 
   1250  LXBXLXSSSSSSSBXL 
   1251  LXBXLXSSSLSSXBXL 
   1252  LLLXLXSSSSSSXSLL 
   1253  LXBXLXSSSSSSSBXL 
   1254  LXBXLXSSSSSSSBXL 
   1255  LXBXLXSSSSSXSBXL 
   1256  LXBXLXSSSSSXSBXL 
   1257  LXBXLXSSSSSSXBXL 
   1258  LXBXLXSSLSSSSBXL 
   1259  LXBXLXSSSSSSSBXL 
   1260  LXBXLXSSSLSSSBXL 
   1261  LXBXLXSSSSSSXBXL 
   1262  LXBXLXSSSLSSXBXL 
   1263  LXBXLXSSSSSSXBXL 
   1264  LXBXLXSSSSSSXBXL 
   1265  LXBXLXSSSSSXSBXL 
   1266  LXBXLXSSLSSXSBXL 
   1267  LXBXLXSSSSSSXBXL 
   1268  LXBXLXSSLSSSXBXL 
   1269  LXBXLXSSSSSSSBXL 
   1270  LLLXLXSSLSSSSSLL 
   1271  LXBXLXSSLSSSSBXL 
   1272  LXBXLXSSSSSSXBXL 
   1273  LXBXLXSSLSSXSBXL 
   1274  LXBXLXSSSSSSXBXL 
   1275  LXBXLXSSLSSSXBXL 
   1276  LXBXLXSSSLSSXBXL 
   1277  LXBXLXSSSSSSSBXL 
   1278  LXBXLXSSLSSSXBXL 
   1279  LLLXLXSSSSSSXSLL 
   1280  LXBXLXSSSSSSSBXL 
   1281  LXBXLXSSLSSXSBXL 
   1282  LXBXLXSSLSSSSBXL 
   1283  LXBXLXSSLSSSSBXL 
   1284  LXBXLXSSLSSSSBXL 
   1285  LXBXLXSSLSSSSBXL 
   1286  LXBXLXSSSSSSXBXL 
   1287  LXBXLXSSSLSSXBXL 
   1288  LXBXLXSSLLSSSBXL 
   1289  LXBXLXSSSSSXSBXL 
   1290  LXBXLXSSSSSSXBXL 
   1291  LXBXLXSSLSSXSBXL 
   1292  LXBXLXSSLLSSSBXL 
   1293  LXBXLXSSSSSSXBXL 
   1294  LXBXLXSSSSSSSBXL 
   1295  LXBXLXSSSSSSXBXL 
   1296  LXBXLXSSSSSXSBXL 
   1297  LXBXLXSSSSSSSBXL 
   1298  LXBXLXSSLSSSXBXL 
   1299  LXBXLXSSSLSXSBXL 
   1300  LXBXLXSSSLSSSBXL 
   1301  LXBXSXSSLSSSXBXL 
   1302  LXBXLXSSLSSSSBXL 
   1303  LXBXLXSSSLSSSBXL 
   1304  LXBXLXSSSSSSXBXL 
   1305  LXBXLXSSLSSSSBXL 
   1306  LXBXLXSSSLSXSBXL 
   1307  LXBXLXSSLLSXSBXL 
   1308  LXBXLXSSSSSSSBXL 
   1309  LXBXLXSSSSSSXBXL 
   1310  LXBXLXSSSSSSXBXL 
   1311  LXBXSXSSSLSSXBXL 
   1312  LXBXLXSSSLSSXBXL 
   1313  LXBXTTSSSSSSXBXL 
   1314  LXBXLXSSLLSSSBXL 
   1315  LXBXLXSSSLSSXBXL 
   1316  LXBXLXSSSSSSXBXL 
   1317  XXBXLXSSSSSXXBXL 
   1318  LXBXLXSSSSSSXBXL 
   1319  LXBXLXSSSLSSXBXL 
   1320  LXBXLXSSLSSSXBXL 
   1321  LXBXSXSSSSSSXBXL 
   1322  LXBXLXSSSSSSXBXL 
   1323  XXBXLXSSSSSSXBXL 
   1324  LXBXSXSSSSSSXBXL 
   1325  LXBXLXSSSLSSSBXL 
   1326  LXBXLXSSSSSSXBXL 
   1327  LXBXLXSSLSSSSBXL 
   1328  LXBXLXSSSSSSXBXL 
   1329  LXBXLXSSLSSSSBXL 
   1330  LXBXLXSSSSSSSBXL 
   1331  LXBXLXSSLSSSSBXL 
   1332  LXBXLXSSSSSSXBXL 
   1333  LXBXLXSSSSSSSBXL 
   1334  LXBXLXSSSSSXSBXL 
   1335  LXBXLXSSLSSSXBXL 
   1336  LXBXLXSSSSSSXBXL 
   1337  LXBXLXSSSSSSSBXL 
   1338  LXBXLXSSSSSSSBXL 
   1339  LXBXLXSSLSSSSBXL 
   1340  LXBXLXSSSSSSSBXL 
   1341  LXBXLXSSSLSSSBXL 
   1342  LXBXLXSSLLSSSBXL 
   1343  LXBXLXSSSSSSSBXL 
   1344  LLLXLXSSSSSSXSLL 
   1345  LXBXLXSSSSSSXBXL 
   1346  LXBXLXSSSSSSSBXX 
   1347  LXBXLXSSLSSSXBXL 
   1348  LXBXLXSSLLSSSBXL 
   1349  LXBXLXSSLSSSSBXL 
   1350  LXBXLXSSLSSSSBXL 
   1351  LXBXLXSSSSSSXBXL 
   1352  LXBXLXSSSSSSXBXL 
   1353  LXBXLXSSLSSSSBXL 
   1354  LXBXLXSSSSSSXBXL 
   1355  LXBXLXSSSLSSXBXL 
   1356  LXBXLXSSSSSSSBXL 
   1357  LXBXLXSSSLSSXBXL 
   1358  LEEXLXSSSSSSXEEL 
   1359  LXBXLXSSSLSSSBXL 
   1360  LXBXLXSSSLSSXBXL 
   1361  LXBXLXSSSLSSSBXL 
   1362  LXBXLXSSSSSSXBXX 
   1363  LXBXLXSSSSSSXBXL 
   1364  LXBXLXSSLLSSSBXL 
   1365  LXBXLXSSSSSSXBXL 
   1366  LXBXLXSSSSSSXBXL 
   1367  LXBXSXSSSSSSXBXL 
   1368  LXBXSXSSSLSSXBXL 
   1369  LXBXLXSSSSSSXBXX 
   1370  LEEXLXSSSLSSXEEX 
   1371  LEEXLXSSSSSSXEEL 
   1372  LEEXLXSSLLSSXEEL 
   1373  LEEXLXSSSSSSXEEL 
   1374  LEEXLXSSLLSSSEEL 
   1375  LEEXLXSSSSSSXEEL 
   1376  LEEXLXSSSLSSXEEL 
   1377  LEEXLXSSSLSXXEEL 
   1378  LBLXLXSSLLSSLSBL 
   1379  LEEXLXSSLLSXXEEL 
   1380  LEEXLXSSLLSSXEEL 
   1381  LXLXLXSSLLSSXXXL 
   1382  LEEXLXSSLLSXSEEL 
   1383  LEEXLXSSLLSXSEEL 
   1384  LEEXLXSSSLSSSEEL 
   1385  LEEXLXSSLLSLXEEL 
   1386  XEEXLXSSLLSXSEEX 
   1387  LEEXLXSSLLSSXEEL 
   1388  LEEXLXSSLLSXXEEX 
   1389  LEEXLXSSLLSXSEEL 
   1390  LEEXLXSSLLSXXEEL 
   1391  LEEXLXSSLLSXSEEL 
   1392  LXLXLXSSLSSSXLXL 
   1393  XEEXLXSSLLSXSEEX 
   1394  LEEXLXSSLLSSXEEX 
   1395  LEEXLXSSLLSSSEEL 
   1396  LEEXLXSSLSSSSEEX 
   1397  LEEXLXSSSLSSSEEX 
   1398  LEEXLXSSSLSXSEEX 
   1399  LEEXLXSSSSSSXEEL 
   1400  LXBXLXSSLSSXXBXL 
   1401  LLLXLXSSSSSSXSLL 
   1402  LXBXLXSSSSSSXBXL 
   1403  LXBXLXSSSSSSXBXL 
   1404  LXBXLXSSSSSSXBXL 
   1405  LXBXLXSSSSSXSBXL 
   1406  LLLXLXSSSLSXSSLL 
   1407  LXBXLXSSLLSXSBXL 
   1408  LXBXLXSSLLSXSBXL 
   1409  LXBXLXSSLLSSSBXL 
   1410  LXBXLXSSLLSSSBXL 
   1411  LXBXLXSSSLSXXBXL 
   1412  LXBXLXSSSSSSXBXL 
   1413  LXBXLXSSSSSSXBXL 
   1414  LXBXLXSSSLSSSBXL 
   1415  LXBXLXSSLSSSXBXL 
   1416  LXBXLXSSSSSSSBXL 
   1417  LXBXLXSSSSSSXBXL 
   1418  LXBXLXSSSSSSSBXL 
   1419  LXBXLXSSSLSSSBXL 
   1420  LXBXLXSSLSSXSBXL 
   1421  LXBXLXSSSSSSSBXL 
   1422  LXBXLXSSSSSSSBXL 
   1423  LXBXLXSSLSSSXBXL 
   1424  LXBXLXSSLSSSSBXL 
   1425  LXBXLXSSLSSXSBXL 
   1426  LXBXLXSSSLSSXBXL 
   1427  LXBXLXSSSLSSXBXL 
   1428  LXBXLXSSLSSSXBXL 
   1429  LXBXLXSSSSSXSBXL 
   1430  LXBXLXSSLSSSSBXL 
   1431  LXBXLXSSLSSXSBXL 
   1432  LXBXLXSSSSSXSBXL 
   1433  LXBXLXSSLSSXSBXL 
   1434  LXBXLXSSSSSXSBXL 
   1435  LXBXLXSSSSSSSBXL 
   1436  LXBXLXSSSSSSSBXL 
   1437  LXBXLXSSLSSSXBXL 
   1438  LLLXLXSSSSSSSSLL 
   1439  LXBXLXSSLSSSSBXL 
   1440  LXBXLXSSSSSSSBXL 
   1441  LXBXLXSSLSSXSBXL 
   1442  LXBXLXSSLSSXSBXL 
   1443  LXBXLXSSLSSSSBXL 
   1444  LXBXLXSSLSSXSBXL 
   1445  LXBXLXSSSSSSXBXL 
   1446  LXBXLXSSLSSSSBXL 
   1447  LXBXLXSSSSSSXBXL 
   1448  LLLXLXSSSSSSSSLL 
   1449  LXBXLXSSLSSSSBXL 
   1450  LXBXLXSSLSSXSBXL 
   1451  LXBXLXSSSSSXSBXL 
   1452  LXBXLXSSSSSSSBXL 
   1453  LXBXLXSSSSSSSBXL 
   1454  LXBXLXSSSSSXSBXL 
   1455  LXBXLXSSLSSSSBXL 
   1456  LXBXLXSSSSSSXBXL 
   1457  LXBXLXSSSLSSSBXL 
   1458  LXBXLXSSSLSSXBXL 
   1459  LXBXLXSSSSSSSBXL 
   1460  LXBXLXSSLSSSSBXL 
   1461  LXBXLXSSLSSXSBXL 
   1462  LXBXLXSSLSSSSBXL 
   1463  LXBXLXSSSSSSXBXL 
   1464  LXBXLXSSLSSSXBXL 
   1465  LXBXLXSSSSSSXBXL 
   1466  LXBXLXSSSSSSXBXL 
   1467  LXBXLXSSSSSSSBXL 
   1468  LXBXLXSSSSSSSBXL 
   1469  LXBXLXSSLSSXSBXL 
   1470  LXBXLXSSSSSSSBXL 
   1471  LXBXLXSSLSSSXBXL 
   1472  LXBXLXSSSSSSSBXL 
   1473  LXBXLXSSLSSSXBXL 
   1474  LXBXLXSSSSSSXBXL 
   1475  LXBXLXSSSSSSXBXL 
   1476  LXBXSXSSLSSSXBXL 
   1477  LXBXLXSSLSSSXBXL 
   1478  LXBXLXSSSSSSXBXL 
   1479  LXBXLXSSLSSXSBXL 
   1480  LXBXLXSSSSSSXBXL 
   1481  LXBXLXSSSSSSXBXL 
   1482  LXBXLXSSSSSSXBXL 
   1483  LXBXSXSSSSSSXBXL 
   1484  LXBXLXSSSSSSXBXL 
   1485  LXBXLXSSSSSSXBXL 
   1486  LXBXLXSSLLSSXBXL 
   1487  LXBXLXSSLSSSSBXL 
   1488  LXBXLXSSSLSSSBXL 
   1489  LXBXLXSSSSSSXBXL 
   1490  LXBXLXSSLLSSXBXL 
   1491  LXBXLXSSSSSSXBXL 
   1492  LXBXSXSSLSSSXBXL 
   1493  LXBXLXSSSSSSXBXL 
   1494  LXBXLXSSSSSSXBXL 
   1495  LXBXLXSSSLSSXBXL 
   1496  LXBXLXSSSSSSXBXL 
   1497  LXBXSXSSSLSSXBXL 
   1498  LXBXLXSSLSSXSBXL 
   1499  LXBXLXSSLSSSSBXL 
   1500  LXBXLXSSSSSSSBXL 
   1501  LXBXLXSSSSSSSBXL 
   1502  LXBXLXSSSSSSSBXL 
   1503  LXBXLXSSSSSSSBXL 
   1504  LXBXLXSSSLSSSBXL 
   1505  LXBXLXSSLSSSSBXL 
   1506  LXBXLXSSSSSSXBXX 
   1507  LXBXLXSSSSSSSBXL 
   1508  LXBXLXSSLSSSSBXL 
   1509  LXBXLXSSSSSSXBXL 
   1510  LXBXLXSSSSSSXBXL 
   1511  LXBXLXSSLSSSSBXL 
   1512  LXBXLXSSSSSSSBXL 
   1513  LXBXLXSSLSSXSBXL 
   1514  LXBXLXSSSLSSSBXL 
   1515  LXBXLXSSLSSSSBXL 
   1516  LXBXLXSSSSSSXBXL 
   1517  LXBXLXSSSSSSXBXL 
   1518  LXBXSXSSLLSSXBXL 
   1519  LXBXLXSSSLSSXBXL 
   1520  LXBXLXSSSSSSXBXL 
   1521  LXBXLXSSSLSSSBXL 
   1522  LXBXLXSSLSSSXBXL 
   1523  LXBXLXSSSSSSXBXL 
   1524  LXBXLXSSSSSSSBXL 
   1525  LXBXLXSSSSSSXBXL 
   1526  LLLXLXSSSSSSXSLL 
   1527  LXBXLXSSSSSSXBXL 
   1528  LXBXLXSSSSSSXBXL 
   1529  LXBXLXSSSSSSXBXL 
   1530  LXBXLXSSLSSSXBXL 
   1531  LXBXLXSSLSSSXBXL 
   1532  LXLXLXSSSSSSLSXX 
   1533  LXBXLXSSLSSSXBXL 
   1534  LXBXLXSSLSSSXBXL 
   1535  LXBXSXSSLSSSXBXL 
   1536  LXBXLXSSSSSSXBXL 
   1537  LXBXLXSSSLSXSBXL 
   1538  LXBXLXSSLSSXXBXL 
   1539  LLLXLLSSSSSSXSLL 
   1540  LXBXLXSSSSSSXBXL 
   1541  LXBXLXSSSSSSXBXL 
   1542  LXBXLXSSSSSSXBXL 
   1543  LXBXLXSSSSSSXBXL 
   1544  LXBXLXSSSSSXSBXL 
   1545  LXBXLXSSSSSSXBXL 
   1546  LXBXLXSSSSSSSBXL 
   1547  LXLXLXSSLSSSSSXL 
   1548  LLLXLXSSSSSSXSLX 
   1549  LXBXLXSSSSSSXBXL 
   1550  LXBXSXSSLSSSXBXL 
   1551  LXBXLXSSSSSXXBXL 
   1552  LLLXLXSSSSSSXSLL 
   1553  LLLXSXSSLSSSXXLL 
   1554  LXBXLXSSSSSSXBXL 
   1555  LXBXSXSSSSSSXBXL 
   1556  LXBXSXSSLSSSXBXL 
   1557  LXBXSXSSSSSSXBXL 
   1558  LXBXLXSSSSSSXBXL 
   1559  LXBXLXSSSSSSXBXL 
   1560  LXBXLXSSLSSSXBXL 
   1561  LXBXLXSSLSSSXBXL 
   1562  LXBXLXSSLLSSXBXL 
   1563  LXBXSXSSLSSXXBXL 
   1564  LXBXSXSSSSSSXBXL 
   1565  LXBXLXSSSSSSXBXL 
   1566  LXBXLXSSLSSXXBXL 
   1567  LXBXLXSSSSSSXBXL 
   1568  LXBXSXSSLSSSXBXL 
   1569  LXBXLXSSSSSSXBXL 
   1570  LXBXLXSSSSSXXBXL 
   1571  LXBXLXSSLSSXXBXL 
   1572  LXBXLXSSLSSSXBXL 
   1573  LXBXLXSSSSSSXBXL 
   1574  LXBXSXSSLSSSXBXL 
   1575  LXBXSXSSLSSSXBXL 
   1576  LXBXSXSSLSSSXBXL 
   1577  LLLXSXSSLSSSXSLL 
   1578  LXBXSXSSSSSSXBXL 
   1579  LXBXLXSSSSSSXBXL 
   1580  LXBXTTSSLSSSXBXL 
   1581  LXBXSXSSLSSSXBXL 
   1582  LXBXSXSSSLSSXBXL 
   1583  LXBXSXSSSSSSXBXL 
   1584  LXBXSXSSSSSSXBXL 
   1585  LXBXLXSSSSSXXBXL 
   1586  LXBXLXSSSSSSXBXL 
   1587  LXBXSXSSLLSSXBXL 
   1588  LXBXSXSSSSSSXBXL 
   1589  LXBXSXSSSSSSXBXL 
   1590  LLLXLXSSSSSSXSLL 
   1591  LXBXSXSSSSSSXBXL 
   1592  LXBXLXSSSSSSXBXL 
   1593  LXBXLXSSLSSSXBXL 
   1594  LXBXSXSSLSSSXBXL 
   1595  LXBXLXSSSSSSXBXL 
   1596  LXLXSXSSSSSSLSXL 
   1597  LXBXSXSSSSSSXBXL 
   1598  LXBXLXSSSSSSXBXL 
   1599  LXBXLXSSSSSSXBXL 
   1600  LXBXSXSSSSSSXBXL 
   1601  LXBXSXSSLSSSXBXL 
   1602  LXBXSXSSSSSSXBXL 
   1603  LLLXLXSSLSSSXSLL 
   1604  LXLXLXSSSSSSLSXL 
   1605  LXBXLXSSSSSXXBXL 
   1606  LXBXLXSSSSSSXBXL 
   1607  LXLXLXSSSSSSLSXL 
   1608  LXBXLXSSLSSSXBXL 
   1609  LXBXLXSSSSSSXBXL 
   1610  LXBXSXSSSSSSXBXL 
   1611  LXBXLXSSSSSSXBXL 
   1612  LXBXSXSSSLSSXBXL 
   1613  LXBXSXSSSLSSXBXL 
   1614  LXBXSXSSLSSSXBXL 
   1615  LXBXSXSSSSSSXBXL 
   1616  LXLXSXSSSSSSLSXL 
   1617  LXBXLXSSSSSSXBXL 
   1618  LXBXLXSSSSSSXBXL 
   1619  LXBXSXSSSSSSXBXL 
   1620  LLLXLXSSSSSSXSLL 
   1621  LXBXSXSSSSSSXBXL 
   1622  LLLXLXSSSSSXXSLL 
   1623  LXBXLXSSSSSSXBXL 
   1624  LXBXLXSSSSSSXBXL 
   1625  LXBXLXSSLSSSXBXL 
   1626  LXBXLXSSLSSSXBXL 
   1627  LLLXSXSSSLSSXSLL 
   1628  LLLXLXSSLSSSXSLL 
   1629  LXBXSXSSSSSSXBXL 
   1630  LXBXSXSSSSSSXBXL 
   1631  LXBXLXSSSSSXSBXL 
   1632  LXBXSXSSSSSSXBXL 
   1633  LLLXLXSSLSSSXSLL 
   1634  LXBXLXSSSSSSSBXL 
   1635  LLLXSXSSLSSSXSLL 
   1636  LXBXSXSSSSSSXBXL 
   1637  LXBXLXSSSSSSXBXL 
   1638  LXBXSXSSSSSSXBXL 
   1639  LXBXLXSSSSSSXBXL 
   1640  LXBXSXSSLSSSXBXL 
   1641  LXBXSXSSSSSSXBXL 
   1642  LXBXSXSSSSSSXBXL 
   1643  LXBXSXSSSSSSXBXL 
   1644  LXBXLXSSSSSSXBXL 
   1645  LXBXSXSSSSSSXBXL 
   1646  LLLXLXSSSSSSXSLL 
   1647  LXBXLXSSSSSSXBXL 
   1648  LXBXSXSSSLSSXBXL 
   1649  LXBXSXSSSSSSXBXL 
   1650  LXBXSXSSSLSSXBXL 
   1651  LXBXLXSSSSSSXBXL 
   1652  LXBXLXSSSLSSXBXL 
   1653  LXBXSSSSSLSSXBXL 
   1654  LXBXLXSSSSSSXBXL 
   1655  LXBXLXSSSSSSSBXL 
   1656  LXBXLXSSSSSSXBXL 
   1657  LXBXLXSSLSSXXBXL 
   1658  LLLXLXSSSSSXSSLL 
   1659  LXBXLXSSSSSSXBXL 
   1660  LXLXLXSSLSSSSSLL 
   1661  LLLXLXSSSSSSXSLL 
   1662  LXBXLXSSSSSXXBXL 
   1663  LXBXLXSSSSSSXBXL 
   1664  LXBXSXSSSSSSXBXL 
   1665  LXBXTTSSLSSSXBXL 
   1666  LXBXLXSSSSSSSBXL 
   1667  LXBXLXSSSSSSXBXL 
   1668  LXBXLXSSSSSSXBXL 
   1669  LXBXLXSSLSSSXBXL 
   1670  LXBXSXSSLSSSXBXL 
   1671  LXBXLXSSSSSSXBXL 
   1672  LXBXSXSSSSSSXBXL 
   1673  LXBXSXSSSLSSXBXL 
   1674  LXBXLXSSSSSSSBXL 
   1675  LXBXSXSSSSSSXBXL 
   1676  LLLXSXSSSSSSXXLL 
   1677  LXBXLXSSSSSSXBXL 
   1678  LXBXLXSSSSSSXBXL 
   1679  LXBXLXSSSSSSXBXL 
   1680  LLLXLXSSSSSSXSLL 
   1681  LXBXSXSSSSSSXBXL 
   1682  LLLXLXSSSSSXXSLL 
   1683  LXBXSXSSSLSSXBXL 
   1684  LXBXLXSSLSSSXBXL 
   1685  LXBXSXSSSSSSXBXL 
   1686  LXBXLXSSLSSSXBXL 
   1687  LXBXLXSSSSSSXBXL 
   1688  LXBXLXSSSSSSXBXL 
   1689  LXBXLXSSSLSXXBXL 
   1690  LLLXSXSSSSSSXXLL 
   1691  LXBXSXSSSSSSXBXL 
   1692  LXBXLXSSLSSSXBXL 
   1693  LXBXTTSSLSSSXBXL 
   1694  LXBXLXSSSSSSXBXL 
   1695  LXBXLXSSSSSSXBXL 
   1696  LXBXLXSSLLSSXBXL 
   1697  LXBXLXSSSLSSXBXL 
   1698  LXBXLXSSSSSSXBXL 
   1699  LXBXSXSSSSSSXBXL 
   1700  LXBXSXSSSSSSXBXL 
   1701  LXBXSXSSSLSSXBXL 
   1702  LXBXSXSSSSSSXBXL 
   1703  LXBXLXSSSSSSXBXL 
   1704  LXBXSXSSSLSSXBXL 
   1705  LXBXSXSSSSSSXBXL 
   1706  LLLXLXSSSSSSXSLL 
   1707  LXBXLXSSSSSXXBXL 
   1708  LXBXLXSSLSSSXBXL 
   1709  LXBXSXSSSSSSSBXL 
   1710  LXBXLXSSSSSSXBXL 
   1711  LXBXSXSSSSSSXBXL 
   1712  LXBXSXSSSSSSXBXL 
   1713  LXBXLXSSSSSSXBXL 
   1714  LXBXLXSSSSSSXBXL 
   1715  LXBXSXSSLSSSXBXL 
   1716  LXBXSXSSSSSSXBXL 
   1717  LXBXLXSSSSSSXBXL 
   1718  LXBXLXSSLSSSXBXL 
   1719  LXBXLXSSSSSSXBXL 
   1720  LXBXLXSSSSSSXBXL 
   1721  LXBXTTSSSSSSXBXL 
   1722  LXBXLXSSSSSSXBXL 
   1723  LXBXLXSSSSSSXBXL 
   1724  LXBXLXSSLSSSXBXL 
   1725  LXBXSXSSLLSSSBXL 
   1726  LXBXSXSSSSSSXBXL 
   1727  LXBXLXSSSSSSXBXL 
   1728  LXBXLLSSSLSSXBXL 
   1729  LXBXSXSSSSSSXBXL 
   1730  LLLXSXSSSSSSXXLL 
   1731  LXBXSXSSSSSSXBXL 
   1732  LXBXSXSSSLSSXBXL 
   1733  LXBXLXSSLSSSXBXL 
   1734  LXBXSXSSSSSSXBXL 
   1735  LXBXLXSSLSSSXBXL 
   1736  LXBXSXSSLSSSXBXL 
   1737  LXBXSXSSSLSSXBXL 
   1738  LXBXLLSSSLSSXBXL 
   1739  LXBXLXSSLSSSXBXL 
   1740  LXBXLXSSSLSSXBXL 
   1741  LXBXLXSSSLSSXBXL 
   1742  LXBXSXSSSSSSXBXL 
   1743  LXBXSXSSLSSXXBXL 
   1744  LXBXSXSSSLSSXBXL 
   1745  LLLXSXSSLSSSXSLL 
   1746  LXBXSXSSLSSSXBXL 
   1747  LXBXLXSSSLSSXBXL 
   1748  LXBXLXSSSSSSXBXL 
   1749  LXBXSXSSSSSSXBXL 
   1750  LXBXLXSSLSSSXBXL 
   1751  LXBXLXSSSSSSXBXL 
   1752  LXBXSXSSSSSSXBXL 
   1753  LXBXLXSSSSSSXBXL 
   1754  LXBXLXSSLSSSXBXL 
   1755  LXBXLXSSSLSSXBXL 
   1756  LXBXSXSSSSSSXBXL 
   1757  LXBXSXSSSSSSXBXL 
   1758  LLLXLXSSLLSSLSLL 
   1759  LLLXSXSSSSSSXSLL 
   1760  LXBXSXSSLSSSXBXL 
   1761  LXBXLXSSSSSSXBXL 
   1762  LXBXSXSSLSSSXBXL 
   1763  LXBXSXSSSSSSXBXL 
   1764  LXBXSXSSSLSSXBXL 
   1765  LLLXLXSSSSSSXSLL 
   1766  LXBXLXSSSSSSXBXL 
   1767  LXBXSXSSSSSSXBXL 
   1768  LXBXLXSSSSSSXBXL 
   1769  LXBXSXSSSSSSXBXL 
   1770  LXLXLXSSSSSSSSXL 
   1771  LXBXLXSSSSSSXBXL 
   1772  LXBXLXSSSSSSXBXL 
   1773  LXBXSXSSLLSSSBXL 
   1774  LXBXLXSSSLSSXBXL 
   1775  LXBXLXSSSSSSXBXL 
   1776  LXBXSXSSSSSSXBXL 
   1777  LXLXLXSSSSSSLSXL 
   1778  LXBXLXSSSLSSXBXL 
   1779  LXBXLXSSSSSSXBXL 
   1780  LLLXLXSSSSSSXSLL 
   1781  LLLXLXSSSSSSXSLL 
   1782  LXLXLXSSSSSSLSXL 
   1783  LLLXLXSSSSSSXSLL 
   1784  LLLXLXSSSSSSXSLL 
   1785  LXBXSXSSSSSSXBXL 
   1786  LXBXLXSSSLSSXBXL 
   1787  LXBXTTSSSSSSXBXL 
   1788  LXBXSXSSSSSSXBXL 
   1789  LXBXLXSSSSSSXBXL 
   1790  LXBXLXSSSSSSXBXL 
   1791  LXBXLXSSSSSSXBXL 
   1792  LXBXSXSSSSSSXBXL 
   1793  LXBXLXSSSSSSXBXL 
   1794  LXBXSXSSSSSSXBXL 
   1795  LXLXLXSSSLSSLSXL 
   1796  LXBXLXSSSSSSXBXL 
   1797  LXBXLXSSSSSSXBXL 
   1798  LXBXSXSSSSSSXBXL 
   1799  LXBXSXSSSSSSXBXL 
   1800  LXBXSXSSLSSSXBXL 
   1801  LXBXLXSSSSSSXBXL 
   1802  LLLXLXSSLSSSXSLL 
   1803  LXBXSXSSLSSSXBXL 
   1804  LXBXSXSSLSSSXBXL 
   1805  LXBXSXSSSSSSXBXL 
   1806  LXBXSXSSSSSSXBXL 
   1807  LLLXLXSSLSSSXSLL 
   1808  LXBXSXSSLSSSXBXL 
   1809  LXBXLXSSSSSSXBXL 
   1810  LXBXSXSSSLSSXBXL 
   1811  LXBXSXSSSSSSXBXL 
   1812  LXBXSXSSSLSSXBXL 
   1813  LXBXLXSSSSSSXBXL 
   1814  LXBXLXSSSSSSXBXL 
   1815  LXBXSXSSSSSSXBXL 
   1816  LXBXSXSSSSSSXBXL 
   1817  LXBXLXSSSSSSXBXL 
   1818  LLLXLXSSSSSSXSLL 
   1819  LXBXLXSSSSSSXBXL 
   1820  LXBXLXSSSSSSXBXL 
   1821  LXBXSXSSSSSSXBXL 
   1822  LXBXSXSSSSSSXBXL 
   1823  LXBXSXSSLSSSXBXL 
   1824  LXBXSXSSLSSSXBXL 
   1825  LXBXSXSSSSSSXBXL 
   1826  LXBXSXSSSLSSXBXL 
   1827  LLLXLXSSSSSSXXLL 
   1828  LXBXLXSSSSSSXBXL 
   1829  LXBXSXSSSSSSXBXL 
   1830  LXBXLXSSLSSSXBXL 
   1831  LXBXLXSSSSSSXBXL 
   1832  LXBXSXSSSSSSXBXL 
   1833  LXBXSXSSSSSSXBXL 
   1834  LXBXSXSSSSSSXBXL 
   1835  LXBXLXSSLSSSXBXL 
   1836  LXBXSXSSSSSSSBXL 
   1837  LXBXSXSSSSSSXBXL 
   1838  LXBXLXSSSSSXXBXL 
   1839  LXBXLXSSLSSSXBXL 
   1840  LXBXLXSSSSSSXBXL 
   1841  LXBXSXSSSLSSXBXL 
   1842  LXBXSXSSSSSSXBXL 
   1843  LXBXLXSSSSSSXBXL 
   1844  LXBXSXSSLLSSXBXL 
   1845  LXBXSXSSSSSSXBXL 
   1846  LXBXLXSSSSSSXBXL 
   1847  LXBXLXSSSSSSXBXL 
   1848  LXBXTTSSSSSSXBXL 
   1849  LXBXSXSSSSSSXBXL 
   1850  LXBXSXSSSSSSXBXL 
   1851  LXBXSXSSSSSSXBXL 
   1852  LXBXLXSSSSSSXBXL 
   1853  LXBXLXSSSSSSXBXL 
   1854  LXLXLXSSLSSSLSXL 
   1855  LXBXLXSSSSSSXBXL 
   1856  LXBXSXSSSSSSXBXL 
   1857  LXBXLXSSLLSSXBXL 
   1858  LXBXSXSSSSSSXBXL 
   1859  LXBXLXSSSSSSXBXL 
   1860  LXBXSLSSSSSSXBXL 
   1861  LXBXSXSSSSSSXBXL 
   1862  LXBXSXSSLSSSXBXL 
   1863  LXBXSXSSLSSSXBXL 
   1864  LLLXLXSSLLSSXSLL 
   1865  LXBXSXSSSSSSXBXL 
   1866  LXLXSXSSSSSSLSXL 
   1867  LXBXSXSSLSSSXBXL 
   1868  LXBXSXSSSSSSXBXL 
   1869  LXBXLXSSSSSSXBXL 
   1870  LXBXLXSSSLSSXBXL 
   1871  LXBXLXSSLSSSSBXL 
   1872  LXBXSXSSSLSSXBXL 
   1873  LXBXSXSSLLSSXBXL 
   1874  LXBXLXSSSSSSXBXL 
   1875  LLLXLXSSSSSSXXLL 
   1876  LXBXTTSSLLSSXBXL 
   1877  LXBXLXSSSSSSXBXL 
   1878  LXBXSXSSSSSSXBXL 
   1879  LXBXTTSSLSSSXBXL 
   1880  LXBXLXSSSSSSXBXL 
   1881  LXBXLXSSSSSSXBXL 
   1882  LXBXLXSSSSSSXBXL 
   1883  LXBXLXSSSSSSXBXL 
   1884  LLLXLXSSLSSSXSLL 
   1885  LXBXLXSSSSSSXBXL 
   1886  LXBXLXSSSSSSXBXL 
   1887  LXBXSXSSLSSSXBXL 
   1888  LXBXTTSSLSSSXBXL 
   1889  LXBXSXSSLSSSXBXL 
   1890  LXBXLXSSSSSSSBXL 
   1891  LXBXSXSSSSSSXBXL 
   1892  LXBXSXSSSSSSXBXL 
   1893  LXBXSXSSLSSSXBXL 
   1894  LLLXSXSSSSSSXXLL 
   1895  LXBXSXSSLSSSXBXL 
   1896  LXBXLXSSSSSSXBXL 
   1897  LXBXSXSSSSSSXBXL 
   1898  LXBXLXSSLSSSXBXL 
   1899  LXBXLXSSSSSSXBXL 
   1900  LXBXLXSSLSSSXBXL 
   1901  LXBXSXSSSSSSXBXL 
   1902  LXBXLXSSLSSSXBXL 
   1903  LXBXLXSSSSSSXBXL 
   1904  LXBXTTSSLSSXSBXL 
   1905  LXBXLXSSLSSSXBXL 
   1906  LLLXSXSSLSSSXXLL 
   1907  LXBXLXSSSSSSXBXL 
   1908  LXBXSXSSLSSSXBXL 
   1909  LXBXSXSSLSSSXBXL 
   1910  LXBXSXSSSSSSXBXL 
   1911  LXBXSXSSLSSSXBXL 
   1912  LXBXLXSSSSSSXBXL 
   1913  LXBXLXSSSSSSXBXL 
   1914  LXBXLXSSLSSSXBXL 
   1915  LXBXSXSSSSSSXBXL 
   1916  LXLXSXSSLSSSLSXL 
   1917  LXBXSXSSLSSSXBXL 
   1918  LXBXLXSSSSSSXBXL 
   1919  LXLXSXSSSSSSLXXL 
   1920  LXBXSXSSLSSSXBXL 
   1921  LXBXLXSSLSSXXBXL 
   1922  LXBXLXSSSLSSXBXL 
   1923  LXBXLXSSLSSSXBXL 
   1924  LXBXLXSSLSSSXBXL 
   1925  LXBXLXSSSLSSXBXL 
   1926  LXBXSXSSSSSSXBXL 
   1927  LXBXSXSSLSSSXBXL 
   1928  LXBXSXSSSSSSXBXL 
   1929  LXBXLXSSLSSSXBXL 
   1930  LXBXSXSSLSSSXBXL 
   1931  LXBXLXSSLSSSXBXL 
   1932  LXBXLXSSLLSXSBXL 
   1933  LXBXSXSSSSSSXBXL 
   1934  LXBXSXSSLSSSXBXL 
   1935  LXBXLXSSLSSSXBXL 
   1936  LXBXLXSSSSSSXBXL 
   1937  LLLXSXSSSSSSXSLL 
   1938  LXBXLXSSLSSSXBXL 
   1939  LXBXLXSSLSSSXBXL 
   1940  LLLXLXSSSSSSXXLL 
   1941  LXBXSXSSSSSSXBXL 
   1942  LXBXLXSSSSSSXBXL 
   1943  LXBXLXSSSSSSXBXL 
   1944  LXBXSXSSSSSSXBXL 
   1945  LXBXLXSSSSSSXBXL 
   1946  LXBXSXSSSSSSXBXL 
   1947  LXBXSXSSSSSSXBXL 
   1948  LXBXSXSSSSSSXBXL 
   1949  LXBXLXSSSSSSXBXL 
   1950  LXBXLXSSSSSSXBXL 
   1951  LXBXLXSSSSSSXBXL 
   1952  LXBXLXSSLSSXXBXL 
   1953  LXBXLXSSLLSXSBXL 
   1954  LXBXLXSSLSSSXBXL 
   1955  LXBXLLSSLSSLSBXL 
   1956  LXBXLXSSLSSLSBXL 
   1957  LXBXLLSSSLSLXBXL 
   1958  LXBXLXSSSSSSSBXL 
   1959  LXBXLXSSSSSXSBXL 
   1960  LXBXLXSSSSSSXBXL 
   1961  LXBXLXSSSSSSXBXL 
   1962  LXBXLXSSSSSXXBXL 
   1963  LXBXLXSSSSSSXBXL 
   1964  LXBXLXSSSSSSXBXL 
   1965  LXBXLXSSSLSSXBXL 
   1966  LXBXLXSSLSSXSBXL 
   1967  LXBXLXSSLSSSXBXL 
   1968  LXBXLXSSSLSSXBXL 
   1969  LXBXLXSSSSSXSBXL 
   1970  LXBXLXSSLSSSSBXL 
   1971  LXBXLXSSSLSXSBXL 
   1972  LXBXLXSSSSSSXBXL 
   1973  LXBXLXSSSSSSSBXL 
   1974  LXBXLXSSSSSXSBXL 
   1975  LXBXLXSSLSSSXBXL 
   1976  LXBXLXSSLSSSXBXL 
   1977  LXBXLXSSLLSSSBXL 
   1978  LXBXLXSSSLSXXBXL 
   1979  LXBXLXSSSSSSXBXL 
   1980  XXXXLXSSSSSSXSLL 
   1981  LXLXLXSSSSSSXSLL 
   1982  LXBXLXSSSSSSSBXL 
   1983  LXBXLXSSSSSSXBXL 
   1984  LXBXLXSSSSSSXBXL 
   1985  LXBXLXSSLSSSXBXL 
   1986  LXBXLXSSSSSSXBXL 
   1987  LXBXLXSSSSSSXBXL 
   1988  LXBXLXSSSSSSXBXL 
   1989  LXBXLXSSSSSSXBXL 
   1990  LLLXLXSSSLSSXSLL 
   1991  LXBXSXSSSSSSXBXL 
   1992  LXBXSXSSLLSSXBXL 
   1993  LXBXLXSSSSSSXBXL 
   1994  LXBXSXSSSLSSXBXL 
   1995  LXBXLXSSSSSSXBXL 
   1996  LXBXLXSSSSSSXBXL 
   1997  LXBXSXSSSSSSXBXL 
   1998  LLLXSXSSSSSSXSLL 
   1999  LXBXLXSSLSSSXBXL 
   2000  LXBXTTSSSLSSXBXL 
